Archive member included to satisfy reference by file (symbol)

D:/devkitPro/portlibs/switch/lib\libmbedcrypto.a(sha256.c.obj)
                              main.o (mbedtls_sha256)
D:/devkitPro/portlibs/switch/lib\libmbedcrypto.a(platform_util.c.obj)
                              D:/devkitPro/portlibs/switch/lib\libmbedcrypto.a(sha256.c.obj) (mbedtls_platform_zeroize)
D:/devkitPro/libnx/lib\libnx.a(random.o)
                              main.o (randomGet)
D:/devkitPro/libnx/lib\libnx.a(mutex.o)
                              D:/devkitPro/libnx/lib\libnx.a(random.o) (mutexLock)
D:/devkitPro/libnx/lib\libnx.a(fs.o)
                              main.o (fsInitialize)
D:/devkitPro/libnx/lib\libnx.a(sm.o)
                              D:/devkitPro/libnx/lib\libnx.a(fs.o) (smGetService)
D:/devkitPro/libnx/lib\libnx.a(fatal.o)
                              D:/devkitPro/libnx/lib\libnx.a(random.o) (fatalSimple)
D:/devkitPro/libnx/lib\libnx.a(hid.o)
                              main.o (hidKeysDown)
D:/devkitPro/libnx/lib\libnx.a(applet.o)
                              D:/devkitPro/libnx/lib\libnx.a(hid.o) (appletGetAppletResourceUserId)
D:/devkitPro/libnx/lib\libnx.a(env.o)
                              D:/devkitPro/libnx/lib\libnx.a(applet.o) (envIsNso)
D:/devkitPro/libnx/lib\libnx.a(hosversion.o)
                              D:/devkitPro/libnx/lib\libnx.a(fs.o) (hosversionGet)
D:/devkitPro/libnx/lib\libnx.a(console.o)
                              main.o (consoleInit)
D:/devkitPro/libnx/lib\libnx.a(svc.o)
                              D:/devkitPro/libnx/lib\libnx.a(fatal.o) (svcExitProcess)
D:/devkitPro/libnx/lib\libnx.a(switch_crt0.o)
                              (_start)
D:/devkitPro/libnx/lib\libnx.a(exception.o)
                              D:/devkitPro/libnx/lib\libnx.a(switch_crt0.o) (__libnx_exception_entry)
D:/devkitPro/libnx/lib\libnx.a(default_font.bin.o)
                              D:/devkitPro/libnx/lib\libnx.a(console.o) (default_font_bin)
D:/devkitPro/libnx/lib\libnx.a(event.o)
                              D:/devkitPro/libnx/lib\libnx.a(hid.o) (eventLoadRemote)
D:/devkitPro/libnx/lib\libnx.a(tmem.o)
                              D:/devkitPro/libnx/lib\libnx.a(applet.o) (tmemCreate)
D:/devkitPro/libnx/lib\libnx.a(rwlock.o)
                              D:/devkitPro/libnx/lib\libnx.a(hid.o) (rwlockReadLock)
D:/devkitPro/libnx/lib\libnx.a(wait.o)
                              D:/devkitPro/libnx/lib\libnx.a(applet.o) (waitObjects)
D:/devkitPro/libnx/lib\libnx.a(shmem.o)
                              D:/devkitPro/libnx/lib\libnx.a(hid.o) (shmemLoadRemote)
D:/devkitPro/libnx/lib\libnx.a(detect.o)
                              D:/devkitPro/libnx/lib\libnx.a(fatal.o) (detectKernelVersion)
D:/devkitPro/libnx/lib\libnx.a(apm.o)
                              D:/devkitPro/libnx/lib\libnx.a(applet.o) (apmExit)
D:/devkitPro/libnx/lib\libnx.a(argv.o)
                              D:/devkitPro/libnx/lib\libnx.a(switch_crt0.o) (__system_argv)
D:/devkitPro/libnx/lib\libnx.a(nxlink.o)
                              D:/devkitPro/libnx/lib\libnx.a(argv.o) (nxlinkSetup)
D:/devkitPro/libnx/lib\libnx.a(init.o)
                              D:/devkitPro/libnx/lib\libnx.a(switch_crt0.o) (__libnx_init)
D:/devkitPro/libnx/lib\libnx.a(dynamic.o)
                              D:/devkitPro/libnx/lib\libnx.a(switch_crt0.o) (__nx_dynamic)
D:/devkitPro/libnx/lib\libnx.a(fs_dev.o)
                              D:/devkitPro/libnx/lib\libnx.a(init.o) (fsdevMountSdmc)
D:/devkitPro/libnx/lib\libnx.a(console_sw.o)
                              D:/devkitPro/libnx/lib\libnx.a(console.o) (getDefaultConsoleRenderer)
D:/devkitPro/libnx/lib\libnx.a(decode_utf8.o)
                              D:/devkitPro/libnx/lib\libnx.a(fs_dev.o) (decode_utf8)
D:/devkitPro/libnx/lib\libnx.a(readtp.o)
                              D:/devkitPro/libnx/lib\libnx.a(fs_dev.o) (__aarch64_read_tp)
D:/devkitPro/libnx/lib\libnx.a(condvar.o)
                              D:/devkitPro/libnx/lib\libnx.a(rwlock.o) (condvarWaitTimeout)
D:/devkitPro/libnx/lib\libnx.a(virtmem.o)
                              D:/devkitPro/libnx/lib\libnx.a(init.o) (virtmemSetup)
D:/devkitPro/libnx/lib\libnx.a(set.o)
                              D:/devkitPro/libnx/lib\libnx.a(init.o) (setsysInitialize)
D:/devkitPro/libnx/lib\libnx.a(time.o)
                              D:/devkitPro/libnx/lib\libnx.a(init.o) (timeExit)
D:/devkitPro/libnx/lib\libnx.a(native_window.o)
                              D:/devkitPro/libnx/lib\libnx.a(console_sw.o) (nwindowSetDimensions)
D:/devkitPro/libnx/lib\libnx.a(default_window.o)
                              D:/devkitPro/libnx/lib\libnx.a(console_sw.o) (nwindowGetDefault)
D:/devkitPro/libnx/lib\libnx.a(binder.o)
                              D:/devkitPro/libnx/lib\libnx.a(native_window.o) (binderCreate)
D:/devkitPro/libnx/lib\libnx.a(buffer_producer.o)
                              D:/devkitPro/libnx/lib\libnx.a(native_window.o) (bqRequestBuffer)
[...]
Memory Configuration

Name             Origin             Length             Attributes
*default*        0x0000000000000000 0xffffffffffffffff

Linker script and memory map

                0x0000000000000000                PROVIDE (__start__ = 0x0)
                0x0000000000000000                . = __start__
                0x0000000000000000                __code_start = .

.crt0           0x0000000000000000      0x158
 *(.crt0)
 .crt0          0x0000000000000000      0x158 D:/devkitPro/libnx/lib\libnx.a(switch_crt0.o)
                0x0000000000000000                _start
                0x0000000000000120                __nx_exit
                0x0000000000000130                __nx_mod0
                0x0000000000000158                . = ALIGN (0x8)

.init           0x0000000000000158       0x38
 *(.init)
 .init          0x0000000000000158       0x18 d:/devkitpro/devkita64/bin/../lib/gcc/aarch64-none-elf/8.3.0/pic/crti.o
                0x0000000000000158                _init
 .init          0x0000000000000170       0x1c d:/devkitpro/devkita64/bin/../lib/gcc/aarch64-none-elf/8.3.0/pic/crtn.o
                0x0000000000000190                . = ALIGN (0x8)
 *fill*         0x000000000000018c        0x4 

.plt            0x0000000000000190        0x0
 *(.plt)
 .plt           0x0000000000000190        0x0 d:/devkitpro/devkita64/bin/../lib/gcc/aarch64-none-elf/8.3.0/pic/crti.o
 *(.iplt)
                0x0000000000000190                . = ALIGN (0x8)

.text           0x00000000000001c0    0x30b70
 *(.text.unlikely .text.*_unlikely .text.unlikely.*)
 *(.text.exit .text.exit.*)
 .text.exit     0x00000000000001c0       0x38 d:/devkitpro/devkita64/bin/../lib/gcc/aarch64-none-elf/8.3.0/../../../../aarch64-none-elf/lib/pic\libg.a(lib_a-exit.o)
                0x00000000000001c0                exit
 *(.text.startup .text.startup.*)
 *fill*         0x00000000000001f8        0x8 
 .text.startup.main
                0x0000000000000200       0x40 main.o
                0x0000000000000200                main
 .text.startup._GLOBAL__sub_I_eh_alloc.cc
                0x0000000000000240       0x54 d:/devkitpro/devkita64/bin/../lib/gcc/aarch64-none-elf/8.3.0/../../../../aarch64-none-elf/lib/pic\libstdc++.a(eh_alloc.o)
 *fill*         0x0000000000000294        0x4 
 .text.startup._GLOBAL__sub_I_eh_globals.cc
                0x0000000000000298       0x54 d:/devkitpro/devkita64/bin/../lib/gcc/aarch64-none-elf/8.3.0/../../../../aarch64-none-elf/lib/pic\libstdc++.a(eh_globals.o)
 *(.text.hot .text.hot.*)
 *(.text .stub .text.* .gnu.linkonce.t.*)
 *fill*         0x00000000000002ec        0x4 
 .text.deregister_tm_clones
                0x00000000000002f0       0x2c d:/devkitpro/devkita64/bin/../lib/gcc/aarch64-none-elf/8.3.0/pic/crtbegin.o
 *fill*         0x000000000000031c        0x4 
 .text.register_tm_clones
                0x0000000000000320       0x38 d:/devkitpro/devkita64/bin/../lib/gcc/aarch64-none-elf/8.3.0/pic/crtbegin.o
 .text.__do_global_dtors_aux
                0x0000000000000358       0x48 d:/devkitpro/devkita64/bin/../lib/gcc/aarch64-none-elf/8.3.0/pic/crtbegin.o
 .text.frame_dummy
                0x00000000000003a0       0x34 d:/devkitpro/devkita64/bin/../lib/gcc/aarch64-none-elf/8.3.0/pic/crtbegin.o
 *fill*         0x00000000000003d4        0xc 
 .text._Z10fileExistsPKc
                0x00000000000003e0       0x34 main.o
                0x00000000000003e0                fileExists(char const*)
 *fill*         0x0000000000000414        0xc 
 .text._Z3endv  0x0000000000000420       0x48 main.o
                0x0000000000000420                end()
 *fill*         0x0000000000000468        0x8 
 .text._Z7confirmv
                0x0000000000000470       0x70 main.o
                0x0000000000000470                confirm()
 .text._Z6backupv
                0x00000000000004e0      0x1f0 main.o
                0x00000000000004e0                backup()
 .text._Z7installv
                0x00000000000006d0      0x830 main.o
                0x00000000000006d0                install()
 .text._Z7restorev
                0x0000000000000f00      0x710 main.o
                0x0000000000000f00                restore()
 .text._Z11printSerialv
                0x0000000000001610       0xc0 main.o
                0x0000000000001610                printSerial()
 .text._Z8mainMenuv
                0x00000000000016d0       0xb8 main.o
                0x00000000000016d0                mainMenu()
 *fill*         0x0000000000001788        0x8 
 .text._Z6verifyv
                0x0000000000001790      0x38c main.o
                0x0000000000001790                verify()
 *fill*         0x0000000000001b1c        0x4 
 .text.mbedtls_sha256_init
                0x0000000000001b20       0x24 D:/devkitPro/portlibs/switch/lib\libmbedcrypto.a(sha256.c.obj)
                0x0000000000001b20                mbedtls_sha256_init
 *fill*         0x0000000000001b44        0xc 
 .text.mbedtls_sha256_free
                0x0000000000001b50       0x10 D:/devkitPro/portlibs/switch/lib\libmbedcrypto.a(sha256.c.obj)
                0x0000000000001b50                mbedtls_sha256_free
 .text.mbedtls_sha256_starts_ret
                0x0000000000001b60       0xb4 D:/devkitPro/portlibs/switch/lib\libmbedcrypto.a(sha256.c.obj)
                0x0000000000001b60                mbedtls_sha256_starts_ret
 *fill*         0x0000000000001c14        0xc 
 .text.mbedtls_internal_sha256_process
                0x0000000000001c20      0x868 D:/devkitPro/portlibs/switch/lib\libmbedcrypto.a(sha256.c.obj)
                0x0000000000001c20                mbedtls_internal_sha256_process
 *fill*         0x0000000000002488        0x8 
 .text.mbedtls_sha256_update_ret
                0x0000000000002490      0x108 D:/devkitPro/portlibs/switch/lib\libmbedcrypto.a(sha256.c.obj)
                0x0000000000002490                mbedtls_sha256_update_ret
 *fill*         0x0000000000002598        0x8 
 .text.mbedtls_sha256_finish_ret
                0x00000000000025a0      0x1e8 D:/devkitPro/portlibs/switch/lib\libmbedcrypto.a(sha256.c.obj)
                0x00000000000025a0                mbedtls_sha256_finish_ret
 *fill*         0x0000000000002788        0x8 
 .text.mbedtls_sha256_ret
                0x0000000000002790       0xb0 D:/devkitPro/portlibs/switch/lib\libmbedcrypto.a(sha256.c.obj)
                0x0000000000002790                mbedtls_sha256_ret
 .text.mbedtls_sha256
                0x0000000000002840        0x4 D:/devkitPro/portlibs/switch/lib\libmbedcrypto.a(sha256.c.obj)
                0x0000000000002840                mbedtls_sha256
 *fill*         0x0000000000002844        0xc 
 .text.mbedtls_platform_zeroize
                0x0000000000002850       0x14 D:/devkitPro/portlibs/switch/lib\libmbedcrypto.a(platform_util.c.obj)
                0x0000000000002850                mbedtls_platform_zeroize
 *fill*         0x0000000000002864        0xc 
 .text.mutexLock
                0x0000000000002870       0x8c D:/devkitPro/libnx/lib\libnx.a(mutex.o)
                0x0000000000002870                mutexLock
 *fill*         0x00000000000028fc        0x4 
 .text.mutexUnlock
                0x0000000000002900       0x30 D:/devkitPro/libnx/lib\libnx.a(mutex.o)
                0x0000000000002900                mutexUnlock
 .text.rmutexLock
                0x0000000000002930       0x4c D:/devkitPro/libnx/lib\libnx.a(mutex.o)
                0x0000000000002930                rmutexLock
 *fill*         0x000000000000297c        0x4 
 .text.rmutexUnlock
                0x0000000000002980       0x1c D:/devkitPro/libnx/lib\libnx.a(mutex.o)
                0x0000000000002980                rmutexUnlock
 *fill*         0x000000000000299c        0x4 
 .text.ipcPrepareHeader
                0x00000000000029a0      0x220 D:/devkitPro/libnx/lib\libnx.a(fs.o)
 .text.ipcParse
                0x0000000000002bc0      0x22c D:/devkitPro/libnx/lib\libnx.a(fs.o)
 *fill*         0x0000000000002dec        0x4 
 .text.serviceIpcParse
                0x0000000000002df0       0xb0 D:/devkitPro/libnx/lib\libnx.a(fs.o)
 .text.ipcCloseObjectById
                0x0000000000002ea0       0x34 D:/devkitPro/libnx/lib\libnx.a(fs.o)
 *fill*         0x0000000000002ed4        0xc 
 .text.fsInitialize
                0x0000000000002ee0      0x200 D:/devkitPro/libnx/lib\libnx.a(fs.o)
                0x0000000000002ee0                fsInitialize
 .text.fsExit   0x00000000000030e0       0x9c D:/devkitPro/libnx/lib\libnx.a(fs.o)
                0x00000000000030e0                fsExit
 *fill*         0x000000000000317c        0x4 
 .text.fsOpenBisStorage
                0x0000000000003180      0x1d4 D:/devkitPro/libnx/lib\libnx.a(fs.o)
                0x0000000000003180                fsOpenBisStorage
 *fill*         0x0000000000003354        0xc 
 .text.fsMountSdcard
                0x0000000000003360      0x1cc D:/devkitPro/libnx/lib\libnx.a(fs.o)
                0x0000000000003360                fsMountSdcard
 *fill*         0x000000000000352c        0x4 
 .text.fsFsCreateFile
                0x0000000000003530      0x1a4 D:/devkitPro/libnx/lib\libnx.a(fs.o)
                0x0000000000003530                fsFsCreateFile
 *fill*         0x00000000000036d4        0xc 
 .text.fsFsDeleteFile
                0x00000000000036e0      0x19c D:/devkitPro/libnx/lib\libnx.a(fs.o)
                0x00000000000036e0                fsFsDeleteFile
 *fill*         0x000000000000387c        0x4 
 .text.fsFsCreateDirectory
                0x0000000000003880      0x19c D:/devkitPro/libnx/lib\libnx.a(fs.o)
                0x0000000000003880                fsFsCreateDirectory
 *fill*         0x0000000000003a1c        0x4 
 .text.fsFsDeleteDirectory
                0x0000000000003a20      0x19c D:/devkitPro/libnx/lib\libnx.a(fs.o)
                0x0000000000003a20                fsFsDeleteDirectory
 *fill*         0x0000000000003bbc        0x4 
 .text.fsFsRenameFile
                0x0000000000003bc0      0x214 D:/devkitPro/libnx/lib\libnx.a(fs.o)
                0x0000000000003bc0                fsFsRenameFile
 *fill*         0x0000000000003dd4        0xc 
 .text.fsFsRenameDirectory
                0x0000000000003de0      0x214 D:/devkitPro/libnx/lib\libnx.a(fs.o)
                0x0000000000003de0                fsFsRenameDirectory
 *fill*         0x0000000000003ff4        0xc 
 .text.fsFsGetEntryType
                0x0000000000004000      0x1b0 D:/devkitPro/libnx/lib\libnx.a(fs.o)
                0x0000000000004000                fsFsGetEntryType
 .text.fsFsOpenFile
                0x00000000000041b0      0x1e4 D:/devkitPro/libnx/lib\libnx.a(fs.o)
                0x00000000000041b0                fsFsOpenFile
 *fill*         0x0000000000004394        0xc 
 .text.fsFsOpenDirectory
                0x00000000000043a0      0x1f8 D:/devkitPro/libnx/lib\libnx.a(fs.o)
                0x00000000000043a0                fsFsOpenDirectory
 *fill*         0x0000000000004598        0x8 
 .text.fsFsGetFreeSpace
                0x00000000000045a0      0x1b0 D:/devkitPro/libnx/lib\libnx.a(fs.o)
                0x00000000000045a0                fsFsGetFreeSpace
 .text.fsFsGetTotalSpace
                0x0000000000004750      0x1b0 D:/devkitPro/libnx/lib\libnx.a(fs.o)
                0x0000000000004750                fsFsGetTotalSpace
 .text.fsFsGetFileTimeStampRaw
                0x0000000000004900      0x194 D:/devkitPro/libnx/lib\libnx.a(fs.o)
                0x0000000000004900                fsFsGetFileTimeStampRaw
 *fill*         0x0000000000004a94        0xc 
 .text.fsFsClose
                0x0000000000004aa0       0x6c D:/devkitPro/libnx/lib\libnx.a(fs.o)
                0x0000000000004aa0                fsFsClose
 *fill*         0x0000000000004b0c        0x4 
 .text.fsFileRead
                0x0000000000004b10      0x1f0 D:/devkitPro/libnx/lib\libnx.a(fs.o)
                0x0000000000004b10                fsFileRead
 .text.fsFileWrite
                0x0000000000004d00      0x1b8 D:/devkitPro/libnx/lib\libnx.a(fs.o)
                0x0000000000004d00                fsFileWrite
 *fill*         0x0000000000004eb8        0x8 
 .text.fsFileFlush
                0x0000000000004ec0      0x16c D:/devkitPro/libnx/lib\libnx.a(fs.o)
                0x0000000000004ec0                fsFileFlush
 *fill*         0x000000000000502c        0x4 
 .text.fsFileSetSize
                0x0000000000005030      0x174 D:/devkitPro/libnx/lib\libnx.a(fs.o)
                0x0000000000005030                fsFileSetSize
 *fill*         0x00000000000051a4        0xc 
 .text.fsFileGetSize
                0x00000000000051b0      0x194 D:/devkitPro/libnx/lib\libnx.a(fs.o)
                0x00000000000051b0                fsFileGetSize
 *fill*         0x0000000000005344        0xc 
 .text.fsFileClose
                0x0000000000005350       0x6c D:/devkitPro/libnx/lib\libnx.a(fs.o)
                0x0000000000005350                fsFileClose
 *fill*         0x00000000000053bc        0x4 
 .text.fsDirClose
                0x00000000000053c0       0x6c D:/devkitPro/libnx/lib\libnx.a(fs.o)
                0x00000000000053c0                fsDirClose
 *fill*         0x000000000000542c        0x4 
 .text.fsDirRead
                0x0000000000005430      0x1ec D:/devkitPro/libnx/lib\libnx.a(fs.o)
                0x0000000000005430                fsDirRead
 *fill*         0x000000000000561c        0x4 
 .text.fsStorageRead
                0x0000000000005620      0x1d0 D:/devkitPro/libnx/lib\libnx.a(fs.o)
                0x0000000000005620                fsStorageRead
 .text.fsStorageWrite
                0x00000000000057f0      0x1d0 D:/devkitPro/libnx/lib\libnx.a(fs.o)
                0x00000000000057f0                fsStorageWrite
 .text.fsStorageGetSize
                0x00000000000059c0      0x194 D:/devkitPro/libnx/lib\libnx.a(fs.o)
                0x00000000000059c0                fsStorageGetSize
 *fill*         0x0000000000005b54        0xc 
 .text.fsStorageClose
                0x0000000000005b60       0x6c D:/devkitPro/libnx/lib\libnx.a(fs.o)
                0x0000000000005b60                fsStorageClose
 *fill*         0x0000000000005bcc        0x4 
 .text.smAddOverrideHandle
                0x0000000000005bd0       0x44 D:/devkitPro/libnx/lib\libnx.a(sm.o)
                0x0000000000005bd0                smAddOverrideHandle
 *fill*         0x0000000000005c14        0xc 
 .text.smGetServiceOverride
                0x0000000000005c20       0x60 D:/devkitPro/libnx/lib\libnx.a(sm.o)
                0x0000000000005c20                smGetServiceOverride
 .text.smHasInitialized
                0x0000000000005c80       0x14 D:/devkitPro/libnx/lib\libnx.a(sm.o)
                0x0000000000005c80                smHasInitialized
 *fill*         0x0000000000005c94        0xc 
 .text.smExit   0x0000000000005ca0       0x5c D:/devkitPro/libnx/lib\libnx.a(sm.o)
                0x0000000000005ca0                smExit
 *fill*         0x0000000000005cfc        0x4 
 .text.smEncodeName
                0x0000000000005d00       0x38 D:/devkitPro/libnx/lib\libnx.a(sm.o)
                0x0000000000005d00                smEncodeName
 *fill*         0x0000000000005d38        0x8 
 .text.smGetServiceOriginal
                0x0000000000005d40      0x12c D:/devkitPro/libnx/lib\libnx.a(sm.o)
                0x0000000000005d40                smGetServiceOriginal
 *fill*         0x0000000000005e6c        0x4 
 .text.smInitialize
                0x0000000000005e70      0x1a0 D:/devkitPro/libnx/lib\libnx.a(sm.o)
                0x0000000000005e70                smInitialize
 .text.smGetService
                0x0000000000006010       0x74 D:/devkitPro/libnx/lib\libnx.a(sm.o)
                0x0000000000006010                smGetService
 *fill*         0x0000000000006084        0xc 
 .text._fatalImpl
                0x0000000000006090      0x140 D:/devkitPro/libnx/lib\libnx.a(fatal.o)
 .text.fatalWithType
                0x00000000000061d0       0x14 D:/devkitPro/libnx/lib\libnx.a(fatal.o)
                0x00000000000061d0                fatalWithType
 *fill*         0x00000000000061e4        0xc 
 .text.fatalSimple
                0x00000000000061f0       0x14 D:/devkitPro/libnx/lib\libnx.a(fatal.o)
                0x00000000000061f0                fatalSimple
 *fill*         0x0000000000006204        0xc 
 .text.ipcCloseObjectById
                0x0000000000006210       0x34 D:/devkitPro/libnx/lib\libnx.a(hid.o)
 *fill*         0x0000000000006244        0xc 
 .text._hidGetSharedMemoryHandle.constprop.10
                0x0000000000006250      0x124 D:/devkitPro/libnx/lib\libnx.a(hid.o)
 *fill*         0x0000000000006374        0xc 
 .text._hidCmdWithNoInput
                0x0000000000006380      0x100 D:/devkitPro/libnx/lib\libnx.a(hid.o)
 .text._hidCreateAppletResource.constprop.9
                0x0000000000006480      0x134 D:/devkitPro/libnx/lib\libnx.a(hid.o)
 *fill*         0x00000000000065b4        0xc 
 .text._hidCmdWithInputU32
                0x00000000000065c0      0x10c D:/devkitPro/libnx/lib\libnx.a(hid.o)
 *fill*         0x00000000000066cc        0x4 
 .text._hidCmdWithInputU64.constprop.11
                0x00000000000066d0      0x108 D:/devkitPro/libnx/lib\libnx.a(hid.o)
 *fill*         0x00000000000067d8        0x8 
 .text.hidReset
                0x00000000000067e0      0x1e0 D:/devkitPro/libnx/lib\libnx.a(hid.o)
                0x00000000000067e0                hidReset
 .text.hidGetSharedmemAddr
                0x00000000000069c0        0xc D:/devkitPro/libnx/lib\libnx.a(hid.o)
                0x00000000000069c0                hidGetSharedmemAddr
 *fill*         0x00000000000069cc        0x4 
 .text.hidKeysDown
                0x00000000000069d0       0x6c D:/devkitPro/libnx/lib\libnx.a(hid.o)
                0x00000000000069d0                hidKeysDown
 *fill*         0x0000000000006a3c        0x4 
 .text.hidTouchCount
                0x0000000000006a40        0xc D:/devkitPro/libnx/lib\libnx.a(hid.o)
                0x0000000000006a40                hidTouchCount
 *fill*         0x0000000000006a4c        0x4 
 .text.hidScanInput
                0x0000000000006a50      0x578 D:/devkitPro/libnx/lib\libnx.a(hid.o)
                0x0000000000006a50                hidScanInput
 *fill*         0x0000000000006fc8        0x8 
 .text.hidSetSupportedNpadIdType
                0x0000000000006fd0      0x198 D:/devkitPro/libnx/lib\libnx.a(hid.o)
                0x0000000000006fd0                hidSetSupportedNpadIdType
 *fill*         0x0000000000007168        0x8 
 .text.hidSetSupportedNpadStyleSet
                0x0000000000007170        0xc D:/devkitPro/libnx/lib\libnx.a(hid.o)
                0x0000000000007170                hidSetSupportedNpadStyleSet
 *fill*         0x000000000000717c        0x4 
 .text.hidSetNpadJoyHoldType
                0x0000000000007180        0x8 D:/devkitPro/libnx/lib\libnx.a(hid.o)
                0x0000000000007180                hidSetNpadJoyHoldType
 *fill*         0x0000000000007188        0x8 
 .text.hidSetNpadJoyAssignmentModeDual
                0x0000000000007190        0xc D:/devkitPro/libnx/lib\libnx.a(hid.o)
                0x0000000000007190                hidSetNpadJoyAssignmentModeDual
 *fill*         0x000000000000719c        0x4 
 .text.hidExit  0x00000000000071a0      0x12c D:/devkitPro/libnx/lib\libnx.a(hid.o)
                0x00000000000071a0                hidExit
 *fill*         0x00000000000072cc        0x4 
 .text.hidInitialize
                0x00000000000072d0      0x168 D:/devkitPro/libnx/lib\libnx.a(hid.o)
                0x00000000000072d0                hidInitialize
 *fill*         0x0000000000007438        0x8 
 .text.ipcPrepareHeader
                0x0000000000007440      0x220 D:/devkitPro/libnx/lib\libnx.a(applet.o)
 .text.ipcParse
                0x0000000000007660      0x22c D:/devkitPro/libnx/lib\libnx.a(applet.o)
 *fill*         0x000000000000788c        0x4 
 .text.serviceIpcParse
                0x0000000000007890       0xb0 D:/devkitPro/libnx/lib\libnx.a(applet.o)
 .text.ipcConvertSessionToDomain
                0x0000000000007940       0x78 D:/devkitPro/libnx/lib\libnx.a(applet.o)
 *fill*         0x00000000000079b8        0x8 
 .text.ipcCloneSession.constprop.52
                0x00000000000079c0       0x84 D:/devkitPro/libnx/lib\libnx.a(applet.o)
 *fill*         0x0000000000007a44        0xc 
 .text.ipcCloseObjectById
                0x0000000000007a50       0x34 D:/devkitPro/libnx/lib\libnx.a(applet.o)
 *fill*         0x0000000000007a84        0xc 
 .text.serviceClose
                0x0000000000007a90       0x6c D:/devkitPro/libnx/lib\libnx.a(applet.o)
 *fill*         0x0000000000007afc        0x4 
 .text._appletReceiveMessage
                0x0000000000007b00      0x19c D:/devkitPro/libnx/lib\libnx.a(applet.o)
 *fill*         0x0000000000007c9c        0x4 
 .text._appletCmdNoIO
                0x0000000000007ca0      0x164 D:/devkitPro/libnx/lib\libnx.a(applet.o)
 *fill*         0x0000000000007e04        0xc 
 .text._appletGetOperationMode.constprop.43
                0x0000000000007e10      0x18c D:/devkitPro/libnx/lib\libnx.a(applet.o)
 *fill*         0x0000000000007f9c        0x4 
 .text._appletGetCurrentFocusState.constprop.45
                0x0000000000007fa0      0x18c D:/devkitPro/libnx/lib\libnx.a(applet.o)
 *fill*         0x000000000000812c        0x4 
 .text._appletGetPerformanceMode.constprop.44
                0x0000000000008130      0x18c D:/devkitPro/libnx/lib\libnx.a(applet.o)
 *fill*         0x00000000000082bc        0x4 
 .text._appletGetSession
                0x00000000000082c0      0x1d8 D:/devkitPro/libnx/lib\libnx.a(applet.o)
 *fill*         0x0000000000008498        0x8 
 .text._appletCmdNoInOut64
                0x00000000000084a0      0x17c D:/devkitPro/libnx/lib\libnx.a(applet.o)
 *fill*         0x000000000000861c        0x4 
 .text._appletSetOperationModeChangedNotification.constprop.46
                0x0000000000008620      0x164 D:/devkitPro/libnx/lib\libnx.a(applet.o)
 *fill*         0x0000000000008784        0xc 
 .text._appletSetOutOfFocusSuspendingEnabled
                0x0000000000008790      0x16c D:/devkitPro/libnx/lib\libnx.a(applet.o)
 *fill*         0x00000000000088fc        0x4 
 .text._appletSetPerformanceModeChangedNotification.constprop.47
                0x0000000000008900      0x164 D:/devkitPro/libnx/lib\libnx.a(applet.o)
 *fill*         0x0000000000008a64        0xc 
 .text._appletCmdInU32.constprop.48
                0x0000000000008a70      0x16c D:/devkitPro/libnx/lib\libnx.a(applet.o)
 *fill*         0x0000000000008bdc        0x4 
 .text._appletSetFocusHandlingMode
                0x0000000000008be0      0x17c D:/devkitPro/libnx/lib\libnx.a(applet.o)
 *fill*         0x0000000000008d5c        0x4 
 .text._appletGetHandle.constprop.42
                0x0000000000008d60      0x178 D:/devkitPro/libnx/lib\libnx.a(applet.o)
 *fill*         0x0000000000008ed8        0x8 
 .text._appletGetEvent.constprop.41
                0x0000000000008ee0       0x54 D:/devkitPro/libnx/lib\libnx.a(applet.o)
 *fill*         0x0000000000008f34        0xc 
 .text._appletGetSessionProxy.constprop.40
                0x0000000000008f40      0x1f0 D:/devkitPro/libnx/lib\libnx.a(applet.o)
 .text.appletGetAppletType
                0x0000000000009130       0x10 D:/devkitPro/libnx/lib\libnx.a(applet.o)
                0x0000000000009130                appletGetAppletType
 .text.appletSetFocusHandlingMode
                0x0000000000009140       0xf0 D:/devkitPro/libnx/lib\libnx.a(applet.o)
                0x0000000000009140                appletSetFocusHandlingMode
 .text.appletGetAppletResourceUserId
                0x0000000000009230       0x28 D:/devkitPro/libnx/lib\libnx.a(applet.o)
                0x0000000000009230                appletGetAppletResourceUserId
 *fill*         0x0000000000009258        0x8 
 .text.appletNotifyRunning
                0x0000000000009260      0x174 D:/devkitPro/libnx/lib\libnx.a(applet.o)
                0x0000000000009260                appletNotifyRunning
 *fill*         0x00000000000093d4        0xc 
 .text.appletSetGamePlayRecordingState
                0x00000000000093e0      0x158 D:/devkitPro/libnx/lib\libnx.a(applet.o)
                0x00000000000093e0                appletSetGamePlayRecordingState
 *fill*         0x0000000000009538        0x8 
 .text.appletSetCpuBoostMode
                0x0000000000009540       0x50 D:/devkitPro/libnx/lib\libnx.a(applet.o)
                0x0000000000009540                appletSetCpuBoostMode
 .text.appletExit
                0x0000000000009590      0x5dc D:/devkitPro/libnx/lib\libnx.a(applet.o)
                0x0000000000009590                appletExit
 *fill*         0x0000000000009b6c        0x4 
 .text.appletInitialize
                0x0000000000009b70      0x4f0 D:/devkitPro/libnx/lib\libnx.a(applet.o)
                0x0000000000009b70                appletInitialize
 .text._appletExitProcess
                0x000000000000a060       0x10 D:/devkitPro/libnx/lib\libnx.a(applet.o)
 .text.appletCreateManagedDisplayLayer
                0x000000000000a070       0x14 D:/devkitPro/libnx/lib\libnx.a(applet.o)
                0x000000000000a070                appletCreateManagedDisplayLayer
 *fill*         0x000000000000a084        0xc 
 .text.appletGetMessage
                0x000000000000a090       0x5c D:/devkitPro/libnx/lib\libnx.a(applet.o)
                0x000000000000a090                appletGetMessage
 *fill*         0x000000000000a0ec        0x4 
 .text.appletProcessMessage
                0x000000000000a0f0      0x118 D:/devkitPro/libnx/lib\libnx.a(applet.o)
                0x000000000000a0f0                appletProcessMessage
 *fill*         0x000000000000a208        0x8 
 .text.appletMainLoop
                0x000000000000a210       0x34 D:/devkitPro/libnx/lib\libnx.a(applet.o)
                0x000000000000a210                appletMainLoop
 *fill*         0x000000000000a244        0xc 
 .text.envSetup
                0x000000000000a250      0x208 D:/devkitPro/libnx/lib\libnx.a(env.o)
                0x000000000000a250                envSetup
 *fill*         0x000000000000a458        0x8 
 .text.envGetMainThreadHandle
                0x000000000000a460       0x20 D:/devkitPro/libnx/lib\libnx.a(env.o)
                0x000000000000a460                envGetMainThreadHandle
 .text.envIsNso
                0x000000000000a480        0xc D:/devkitPro/libnx/lib\libnx.a(env.o)
                0x000000000000a480                envIsNso
 *fill*         0x000000000000a48c        0x4 
 .text.envHasHeapOverride
                0x000000000000a490       0x14 D:/devkitPro/libnx/lib\libnx.a(env.o)
                0x000000000000a490                envHasHeapOverride
 *fill*         0x000000000000a4a4        0xc 
 .text.envGetHeapOverrideAddr
                0x000000000000a4b0        0xc D:/devkitPro/libnx/lib\libnx.a(env.o)
                0x000000000000a4b0                envGetHeapOverrideAddr
 *fill*         0x000000000000a4bc        0x4 
 .text.envGetHeapOverrideSize
                0x000000000000a4c0        0xc D:/devkitPro/libnx/lib\libnx.a(env.o)
                0x000000000000a4c0                envGetHeapOverrideSize
 *fill*         0x000000000000a4cc        0x4 
 .text.envHasArgv
                0x000000000000a4d0       0x14 D:/devkitPro/libnx/lib\libnx.a(env.o)
                0x000000000000a4d0                envHasArgv
 *fill*         0x000000000000a4e4        0xc 
 .text.envGetArgv
                0x000000000000a4f0        0xc D:/devkitPro/libnx/lib\libnx.a(env.o)
                0x000000000000a4f0                envGetArgv
 *fill*         0x000000000000a4fc        0x4 
 .text.envGetExitFuncPtr
                0x000000000000a500        0xc D:/devkitPro/libnx/lib\libnx.a(env.o)
                0x000000000000a500                envGetExitFuncPtr
 *fill*         0x000000000000a50c        0x4 
 .text.envSetExitFuncPtr
                0x000000000000a510        0xc D:/devkitPro/libnx/lib\libnx.a(env.o)
                0x000000000000a510                envSetExitFuncPtr
 *fill*         0x000000000000a51c        0x4 
 .text.hosversionGet
                0x000000000000a520       0x10 D:/devkitPro/libnx/lib\libnx.a(hosversion.o)
                0x000000000000a520                hosversionGet
 .text.hosversionSet
                0x000000000000a530       0x10 D:/devkitPro/libnx/lib\libnx.a(hosversion.o)
                0x000000000000a530                hosversionSet
 .text.consoleDrawChar
                0x000000000000a540       0x44 D:/devkitPro/libnx/lib\libnx.a(console.o)
 *fill*         0x000000000000a584        0xc 
 .text.consoleClearLine
                0x000000000000a590      0x140 D:/devkitPro/libnx/lib\libnx.a(console.o)
 .text.consoleNewRow
                0x000000000000a6d0       0x4c D:/devkitPro/libnx/lib\libnx.a(console.o)
 *fill*         0x000000000000a71c        0x4 
 .text.consolePrintChar
                0x000000000000a720      0x118 D:/devkitPro/libnx/lib\libnx.a(console.o)
 *fill*         0x000000000000a838        0x8 
 .text.consoleCls
                0x000000000000a840      0x15c D:/devkitPro/libnx/lib\libnx.a(console.o)
 *fill*         0x000000000000a99c        0x4 
 .text.con_write
                0x000000000000a9a0      0x7e0 D:/devkitPro/libnx/lib\libnx.a(console.o)
 .text.consoleInit
                0x000000000000b180      0x11c D:/devkitPro/libnx/lib\libnx.a(console.o)
                0x000000000000b180                consoleInit
 *fill*         0x000000000000b29c        0x4 
 .text.consoleExit
                0x000000000000b2a0       0x48 D:/devkitPro/libnx/lib\libnx.a(console.o)
                0x000000000000b2a0                consoleExit
 *fill*         0x000000000000b2e8        0x8 
 .text.consoleUpdate
                0x000000000000b2f0       0x28 D:/devkitPro/libnx/lib\libnx.a(console.o)
                0x000000000000b2f0                consoleUpdate
 .text.svcSetHeapSize
                0x000000000000b318       0x14 D:/devkitPro/libnx/lib\libnx.a(svc.o)
                0x000000000000b318                svcSetHeapSize
 .text.svcSetMemoryAttribute
                0x000000000000b32c        0x8 D:/devkitPro/libnx/lib\libnx.a(svc.o)
                0x000000000000b32c                svcSetMemoryAttribute
 .text.svcUnmapMemory
                0x000000000000b334        0x8 D:/devkitPro/libnx/lib\libnx.a(svc.o)
                0x000000000000b334                svcUnmapMemory
 .text.svcQueryMemory
                0x000000000000b33c       0x14 D:/devkitPro/libnx/lib\libnx.a(svc.o)
                0x000000000000b33c                svcQueryMemory
 .text.svcExitProcess
                0x000000000000b350        0x8 D:/devkitPro/libnx/lib\libnx.a(svc.o)
                0x000000000000b350                svcExitProcess
 .text.svcSleepThread
                0x000000000000b358        0x8 D:/devkitPro/libnx/lib\libnx.a(svc.o)
                0x000000000000b358                svcSleepThread
 .text.svcMapSharedMemory
                0x000000000000b360        0x8 D:/devkitPro/libnx/lib\libnx.a(svc.o)
                0x000000000000b360                svcMapSharedMemory
 .text.svcUnmapSharedMemory
                0x000000000000b368        0x8 D:/devkitPro/libnx/lib\libnx.a(svc.o)
                0x000000000000b368                svcUnmapSharedMemory
 .text.svcCreateTransferMemory
                0x000000000000b370       0x14 D:/devkitPro/libnx/lib\libnx.a(svc.o)
                0x000000000000b370                svcCreateTransferMemory
 .text.svcCloseHandle
                0x000000000000b384        0x8 D:/devkitPro/libnx/lib\libnx.a(svc.o)
                0x000000000000b384                svcCloseHandle
 .text.svcResetSignal
                0x000000000000b38c        0x8 D:/devkitPro/libnx/lib\libnx.a(svc.o)
                0x000000000000b38c                svcResetSignal
 .text.svcWaitSynchronization
                0x000000000000b394       0x14 D:/devkitPro/libnx/lib\libnx.a(svc.o)
                0x000000000000b394                svcWaitSynchronization
 .text.svcArbitrateLock
                0x000000000000b3a8        0x8 D:/devkitPro/libnx/lib\libnx.a(svc.o)
                0x000000000000b3a8                svcArbitrateLock
 .text.svcArbitrateUnlock
                0x000000000000b3b0        0x8 D:/devkitPro/libnx/lib\libnx.a(svc.o)
                0x000000000000b3b0                svcArbitrateUnlock
 .text.svcWaitProcessWideKeyAtomic
                0x000000000000b3b8        0x8 D:/devkitPro/libnx/lib\libnx.a(svc.o)
                0x000000000000b3b8                svcWaitProcessWideKeyAtomic
 .text.svcSignalProcessWideKey
                0x000000000000b3c0        0x8 D:/devkitPro/libnx/lib\libnx.a(svc.o)
                0x000000000000b3c0                svcSignalProcessWideKey
 .text.svcConnectToNamedPort
                0x000000000000b3c8       0x14 D:/devkitPro/libnx/lib\libnx.a(svc.o)
                0x000000000000b3c8                svcConnectToNamedPort
 .text.svcSendSyncRequest
                0x000000000000b3dc        0x8 D:/devkitPro/libnx/lib\libnx.a(svc.o)
                0x000000000000b3dc                svcSendSyncRequest
 .text.svcBreak
                0x000000000000b3e4        0x8 D:/devkitPro/libnx/lib\libnx.a(svc.o)
                0x000000000000b3e4                svcBreak
 .text.svcReturnFromException
                0x000000000000b3ec        0x8 D:/devkitPro/libnx/lib\libnx.a(svc.o)
                0x000000000000b3ec                svcReturnFromException
 .text.svcGetInfo
                0x000000000000b3f4       0x14 D:/devkitPro/libnx/lib\libnx.a(svc.o)
                0x000000000000b3f4                svcGetInfo
 .text.svcUnmapTransferMemory
                0x000000000000b408        0x8 D:/devkitPro/libnx/lib\libnx.a(svc.o)
                0x000000000000b408                svcUnmapTransferMemory
 .text.__libnx_exception_entry
                0x000000000000b410      0x1c0 D:/devkitPro/libnx/lib\libnx.a(exception.o)
                0x000000000000b410                __libnx_exception_entry
 .text.__libnx_exception_returnentry
                0x000000000000b5d0       0x18 D:/devkitPro/libnx/lib\libnx.a(exception.o)
                0x000000000000b5d0                __libnx_exception_returnentry
 *fill*         0x000000000000b5e8        0x8 
 .text.eventLoadRemote
                0x000000000000b5f0        0xc D:/devkitPro/libnx/lib\libnx.a(event.o)
                0x000000000000b5f0                eventLoadRemote
 *fill*         0x000000000000b5fc        0x4 
 .text.eventWait
                0x000000000000b600       0x38 D:/devkitPro/libnx/lib\libnx.a(event.o)
                0x000000000000b600                eventWait
 *fill*         0x000000000000b638        0x8 
 .text.eventClose
                0x000000000000b640       0x50 D:/devkitPro/libnx/lib\libnx.a(event.o)
                0x000000000000b640                eventClose
 .text.tmemCreate
                0x000000000000b690       0xa8 D:/devkitPro/libnx/lib\libnx.a(tmem.o)
                0x000000000000b690                tmemCreate
 *fill*         0x000000000000b738        0x8 
 .text.tmemUnmap
                0x000000000000b740       0x58 D:/devkitPro/libnx/lib\libnx.a(tmem.o)
                0x000000000000b740                tmemUnmap
 *fill*         0x000000000000b798        0x8 
 .text.tmemClose
                0x000000000000b7a0       0x68 D:/devkitPro/libnx/lib\libnx.a(tmem.o)
                0x000000000000b7a0                tmemClose
 *fill*         0x000000000000b808        0x8 
 .text.rwlockReadLock
                0x000000000000b810       0x58 D:/devkitPro/libnx/lib\libnx.a(rwlock.o)
                0x000000000000b810                rwlockReadLock
 *fill*         0x000000000000b868        0x8 
 .text.rwlockReadUnlock
                0x000000000000b870       0x5c D:/devkitPro/libnx/lib\libnx.a(rwlock.o)
                0x000000000000b870                rwlockReadUnlock
 *fill*         0x000000000000b8cc        0x4 
 .text.rwlockWriteLock
                0x000000000000b8d0       0x84 D:/devkitPro/libnx/lib\libnx.a(rwlock.o)
                0x000000000000b8d0                rwlockWriteLock
 *fill*         0x000000000000b954        0xc 
 .text.rwlockWriteUnlock
                0x000000000000b960       0x3c D:/devkitPro/libnx/lib\libnx.a(rwlock.o)
                0x000000000000b960                rwlockWriteUnlock
 *fill*         0x000000000000b99c        0x4 
 .text._waitLoop
                0x000000000000b9a0      0x104 D:/devkitPro/libnx/lib\libnx.a(wait.o)
 *fill*         0x000000000000baa4        0xc 
 .text._waitObjectsImpl
                0x000000000000bab0      0x338 D:/devkitPro/libnx/lib\libnx.a(wait.o)
 *fill*         0x000000000000bde8        0x8 
 .text.waitObjects
                0x000000000000bdf0        0xc D:/devkitPro/libnx/lib\libnx.a(wait.o)
                0x000000000000bdf0                waitObjects
 *fill*         0x000000000000bdfc        0x4 
 .text.shmemLoadRemote
                0x000000000000be00       0x14 D:/devkitPro/libnx/lib\libnx.a(shmem.o)
                0x000000000000be00                shmemLoadRemote
 *fill*         0x000000000000be14        0xc 
 .text.shmemMap
                0x000000000000be20       0x84 D:/devkitPro/libnx/lib\libnx.a(shmem.o)
                0x000000000000be20                shmemMap
 *fill*         0x000000000000bea4        0xc 
 .text.shmemUnmap
                0x000000000000beb0       0x58 D:/devkitPro/libnx/lib\libnx.a(shmem.o)
                0x000000000000beb0                shmemUnmap
 *fill*         0x000000000000bf08        0x8 
 .text.shmemClose
                0x000000000000bf10       0x44 D:/devkitPro/libnx/lib\libnx.a(shmem.o)
                0x000000000000bf10                shmemClose
 *fill*         0x000000000000bf54        0xc 
 .text.detectKernelVersion
                0x000000000000bf60      0x17c D:/devkitPro/libnx/lib\libnx.a(detect.o)
                0x000000000000bf60                detectKernelVersion
 *fill*         0x000000000000c0dc        0x4 
 .text.detectDebugger
                0x000000000000c0e0       0x30 D:/devkitPro/libnx/lib\libnx.a(detect.o)
                0x000000000000c0e0                detectDebugger
 .text.ipcCloseObjectById
                0x000000000000c110       0x34 D:/devkitPro/libnx/lib\libnx.a(apm.o)
 *fill*         0x000000000000c144        0xc 
 .text._apmGetSession.constprop.4
                0x000000000000c150      0x124 D:/devkitPro/libnx/lib\libnx.a(apm.o)
 *fill*         0x000000000000c274        0xc 
 .text.apmExit  0x000000000000c280       0xf0 D:/devkitPro/libnx/lib\libnx.a(apm.o)
                0x000000000000c280                apmExit
 .text.apmInitialize
                0x000000000000c370       0x70 D:/devkitPro/libnx/lib\libnx.a(apm.o)
                0x000000000000c370                apmInitialize
 .text.apmSetPerformanceConfiguration
                0x000000000000c3e0       0xcc D:/devkitPro/libnx/lib\libnx.a(apm.o)
                0x000000000000c3e0                apmSetPerformanceConfiguration
 *fill*         0x000000000000c4ac        0x4 
 .text.argvSetup
                0x000000000000c4b0      0x324 D:/devkitPro/libnx/lib\libnx.a(argv.o)
                0x000000000000c4b0                argvSetup
 *fill*         0x000000000000c7d4        0xc 
 .text.nxlinkSetup
                0x000000000000c7e0       0xc4 D:/devkitPro/libnx/lib\libnx.a(nxlink.o)
                0x000000000000c7e0                nxlinkSetup
 *fill*         0x000000000000c8a4        0xc 
 .text.__libnx_initheap
                0x000000000000c8b0       0xd8 D:/devkitPro/libnx/lib\libnx.a(init.o)
                0x000000000000c8b0                __libnx_initheap
 *fill*         0x000000000000c988        0x8 
 .text.__appInit
                0x000000000000c990       0xdc D:/devkitPro/libnx/lib\libnx.a(init.o)
                0x000000000000c990                __appInit
 *fill*         0x000000000000ca6c        0x4 
 .text.__appExit
                0x000000000000ca70       0x44 D:/devkitPro/libnx/lib\libnx.a(init.o)
                0x000000000000ca70                __appExit
 *fill*         0x000000000000cab4        0xc 
 .text.__libnx_init
                0x000000000000cac0       0x28 D:/devkitPro/libnx/lib\libnx.a(init.o)
                0x000000000000cac0                __libnx_init
 *fill*         0x000000000000cae8        0x8 
 .text.__libnx_exit
                0x000000000000caf0       0x20 D:/devkitPro/libnx/lib\libnx.a(init.o)
                0x000000000000caf0                __libnx_exit
 .text.__nx_dynamic
                0x000000000000cb10       0xa0 D:/devkitPro/libnx/lib\libnx.a(dynamic.o)
                0x000000000000cb10                __nx_dynamic
 .text.fsdev_link
                0x000000000000cbb0       0x10 D:/devkitPro/libnx/lib\libnx.a(fs_dev.o)
 .text.fsdev_dirreset
                0x000000000000cbc0       0x10 D:/devkitPro/libnx/lib\libnx.a(fs_dev.o)
 .text.fsdev_chmod
                0x000000000000cbd0       0x10 D:/devkitPro/libnx/lib\libnx.a(fs_dev.o)
 .text.error_cmp
                0x000000000000cbe0       0x1c D:/devkitPro/libnx/lib\libnx.a(fs_dev.o)
 *fill*         0x000000000000cbfc        0x4 
 .text.fsdev_translate_error
                0x000000000000cc00       0x58 D:/devkitPro/libnx/lib\libnx.a(fs_dev.o)
 *fill*         0x000000000000cc58        0x8 
 .text.fsdev_fsync
                0x000000000000cc60       0x40 D:/devkitPro/libnx/lib\libnx.a(fs_dev.o)
 .text.fsdev_ftruncate
                0x000000000000cca0       0x60 D:/devkitPro/libnx/lib\libnx.a(fs_dev.o)
 .text.fsdev_dirclose
                0x000000000000cd00       0x20 D:/devkitPro/libnx/lib\libnx.a(fs_dev.o)
 .text.fsdev_dirnext
                0x000000000000cd20      0x16c D:/devkitPro/libnx/lib\libnx.a(fs_dev.o)
 *fill*         0x000000000000ce8c        0x4 
 .text.fsdev_close
                0x000000000000ce90       0x1c D:/devkitPro/libnx/lib\libnx.a(fs_dev.o)
 *fill*         0x000000000000ceac        0x4 
 .text.fsdev_fstat
                0x000000000000ceb0       0xa4 D:/devkitPro/libnx/lib\libnx.a(fs_dev.o)
 *fill*         0x000000000000cf54        0xc 
 .text.fsdev_seek
                0x000000000000cf60       0xb0 D:/devkitPro/libnx/lib\libnx.a(fs_dev.o)
 .text.fsdev_read
                0x000000000000d010      0x198 D:/devkitPro/libnx/lib\libnx.a(fs_dev.o)
 *fill*         0x000000000000d1a8        0x8 
 .text.fsdev_write
                0x000000000000d1b0      0x1a0 D:/devkitPro/libnx/lib\libnx.a(fs_dev.o)
 .text.fsdevFindDevice
                0x000000000000d350      0x120 D:/devkitPro/libnx/lib\libnx.a(fs_dev.o)
 .text._fsdevMountDevice
                0x000000000000d470      0x140 D:/devkitPro/libnx/lib\libnx.a(fs_dev.o)
 .text.fsdev_getfspath
                0x000000000000d5b0      0x1fc D:/devkitPro/libnx/lib\libnx.a(fs_dev.o)
 *fill*         0x000000000000d7ac        0x4 
 .text.fsdev_rmdir
                0x000000000000d7b0       0x70 D:/devkitPro/libnx/lib\libnx.a(fs_dev.o)
 .text.fsdev_statvfs
                0x000000000000d820       0xd4 D:/devkitPro/libnx/lib\libnx.a(fs_dev.o)
 *fill*         0x000000000000d8f4        0xc 
 .text.fsdev_diropen
                0x000000000000d900       0xec D:/devkitPro/libnx/lib\libnx.a(fs_dev.o)
 *fill*         0x000000000000d9ec        0x4 
 .text.fsdev_mkdir
                0x000000000000d9f0       0x70 D:/devkitPro/libnx/lib\libnx.a(fs_dev.o)
 .text.fsdev_rename
                0x000000000000da60      0x114 D:/devkitPro/libnx/lib\libnx.a(fs_dev.o)
 *fill*         0x000000000000db74        0xc 
 .text.fsdev_chdir
                0x000000000000db80       0xe8 D:/devkitPro/libnx/lib\libnx.a(fs_dev.o)
 *fill*         0x000000000000dc68        0x8 
 .text.fsdev_unlink
                0x000000000000dc70       0x70 D:/devkitPro/libnx/lib\libnx.a(fs_dev.o)
 .text.fsdev_stat
                0x000000000000dce0      0x1bc D:/devkitPro/libnx/lib\libnx.a(fs_dev.o)
 *fill*         0x000000000000de9c        0x4 
 .text.fsdev_open
                0x000000000000dea0      0x19c D:/devkitPro/libnx/lib\libnx.a(fs_dev.o)
 *fill*         0x000000000000e03c        0x4 
 .text._fsdevUnmountDeviceStruct.part.4
                0x000000000000e040       0xb8 D:/devkitPro/libnx/lib\libnx.a(fs_dev.o)
 *fill*         0x000000000000e0f8        0x8 
 .text.fsdev_fchmod
                0x000000000000e100       0x10 D:/devkitPro/libnx/lib\libnx.a(fs_dev.o)
 .text.fsdevMountSdmc
                0x000000000000e110      0x170 D:/devkitPro/libnx/lib\libnx.a(fs_dev.o)
                0x000000000000e110                fsdevMountSdmc
 .text.fsdevUnmountAll
                0x000000000000e280       0x64 D:/devkitPro/libnx/lib\libnx.a(fs_dev.o)
                0x000000000000e280                fsdevUnmountAll
 *fill*         0x000000000000e2e4        0xc 
 .text.ConsoleSwRenderer_flushAndSwap
                0x000000000000e2f0       0x70 D:/devkitPro/libnx/lib\libnx.a(console_sw.o)
 .text.ConsoleSwRenderer_scrollWindow
                0x000000000000e360       0xc4 D:/devkitPro/libnx/lib\libnx.a(console_sw.o)
 *fill*         0x000000000000e424        0xc 
 .text.ConsoleSwRenderer_drawChar
                0x000000000000e430      0x188 D:/devkitPro/libnx/lib\libnx.a(console_sw.o)
 *fill*         0x000000000000e5b8        0x8 
 .text.ConsoleSwRenderer_deinit
                0x000000000000e5c0       0x3c D:/devkitPro/libnx/lib\libnx.a(console_sw.o)
 *fill*         0x000000000000e5fc        0x4 
 .text.ConsoleSwRenderer_init
                0x000000000000e600       0xf4 D:/devkitPro/libnx/lib\libnx.a(console_sw.o)
 *fill*         0x000000000000e6f4        0xc 
 .text.getDefaultConsoleRenderer
                0x000000000000e700        0xc D:/devkitPro/libnx/lib\libnx.a(console_sw.o)
                0x000000000000e700                getDefaultConsoleRenderer
 *fill*         0x000000000000e70c        0x4 
 .text.decode_utf8
                0x000000000000e710      0x12c D:/devkitPro/libnx/lib\libnx.a(decode_utf8.o)
                0x000000000000e710                decode_utf8
 .text.__aarch64_read_tp
                0x000000000000e83c        0xc D:/devkitPro/libnx/lib\libnx.a(readtp.o)
                0x000000000000e83c                __aarch64_read_tp
 *fill*         0x000000000000e848        0x8 
 .text.condvarWaitTimeout
                0x000000000000e850       0x60 D:/devkitPro/libnx/lib\libnx.a(condvar.o)
                0x000000000000e850                condvarWaitTimeout
 .text._GetRegionFromInfo.isra.1
                0x000000000000e8b0       0x7c D:/devkitPro/libnx/lib\libnx.a(virtmem.o)
 *fill*         0x000000000000e92c        0x4 
 .text.virtmemSetup
                0x000000000000e930      0x114 D:/devkitPro/libnx/lib\libnx.a(virtmem.o)
                0x000000000000e930                virtmemSetup
 *fill*         0x000000000000ea44        0xc 
 .text.virtmemReserve
                0x000000000000ea50      0x13c D:/devkitPro/libnx/lib\libnx.a(virtmem.o)
                0x000000000000ea50                virtmemReserve
 *fill*         0x000000000000eb8c        0x4 
 .text.virtmemFree
                0x000000000000eb90        0x4 D:/devkitPro/libnx/lib\libnx.a(virtmem.o)
                0x000000000000eb90                virtmemFree
 *fill*         0x000000000000eb94        0xc 
 .text.ipcCloseObjectById
                0x000000000000eba0       0x34 D:/devkitPro/libnx/lib\libnx.a(set.o)
 *fill*         0x000000000000ebd4        0xc 
 .text._setsysGetFirmwareVersionImpl
                0x000000000000ebe0      0x1d4 D:/devkitPro/libnx/lib\libnx.a(set.o)
 *fill*         0x000000000000edb4        0xc 
 .text.setsysInitialize
                0x000000000000edc0       0x3c D:/devkitPro/libnx/lib\libnx.a(set.o)
                0x000000000000edc0                setsysInitialize
 *fill*         0x000000000000edfc        0x4 
 .text.setsysExit
                0x000000000000ee00       0x9c D:/devkitPro/libnx/lib\libnx.a(set.o)
                0x000000000000ee00                setsysExit
 *fill*         0x000000000000ee9c        0x4 
 .text.setsysGetFirmwareVersion
                0x000000000000eea0       0x44 D:/devkitPro/libnx/lib\libnx.a(set.o)
                0x000000000000eea0                setsysGetFirmwareVersion
 *fill*         0x000000000000eee4        0xc 
 .text.ipcCloseObjectById
                0x000000000000eef0       0x34 D:/devkitPro/libnx/lib\libnx.a(time.o)
 *fill*         0x000000000000ef24        0xc 
 .text._timeGetSession
                0x000000000000ef30      0x12c D:/devkitPro/libnx/lib\libnx.a(time.o)
 *fill*         0x000000000000f05c        0x4 
 .text.timeExit
                0x000000000000f060      0x1ec D:/devkitPro/libnx/lib\libnx.a(time.o)
                0x000000000000f060                timeExit
 *fill*         0x000000000000f24c        0x4 
 .text.timeInitialize
                0x000000000000f250       0xd8 D:/devkitPro/libnx/lib\libnx.a(time.o)
                0x000000000000f250                timeInitialize
 *fill*         0x000000000000f328        0x8 
 .text.timeGetCurrentTime
                0x000000000000f330      0x124 D:/devkitPro/libnx/lib\libnx.a(time.o)
                0x000000000000f330                timeGetCurrentTime
 *fill*         0x000000000000f454        0xc 
 .text.timeToCalendarTimeWithMyRule
                0x000000000000f460      0x118 D:/devkitPro/libnx/lib\libnx.a(time.o)
                0x000000000000f460                timeToCalendarTimeWithMyRule
 *fill*         0x000000000000f578        0x8 
 .text._nwindowConnect
                0x000000000000f580       0x54 D:/devkitPro/libnx/lib\libnx.a(native_window.o)
 *fill*         0x000000000000f5d4        0xc 
 .text._nwindowDisconnect
                0x000000000000f5e0       0x40 D:/devkitPro/libnx/lib\libnx.a(native_window.o)
 .text.nwindowIsValid
                0x000000000000f620       0x24 D:/devkitPro/libnx/lib\libnx.a(native_window.o)
                0x000000000000f620                nwindowIsValid
 *fill*         0x000000000000f644        0xc 
 .text.nwindowClose
                0x000000000000f650       0x6c D:/devkitPro/libnx/lib\libnx.a(native_window.o)
                0x000000000000f650                nwindowClose
 *fill*         0x000000000000f6bc        0x4 
 .text.nwindowCreate
                0x000000000000f6c0       0xc4 D:/devkitPro/libnx/lib\libnx.a(native_window.o)
                0x000000000000f6c0                nwindowCreate
 *fill*         0x000000000000f784        0xc 
 .text.nwindowCreateFromLayer
                0x000000000000f790        0xc D:/devkitPro/libnx/lib\libnx.a(native_window.o)
                0x000000000000f790                nwindowCreateFromLayer
 *fill*         0x000000000000f79c        0x4 
 .text.nwindowSetDimensions
                0x000000000000f7a0       0x88 D:/devkitPro/libnx/lib\libnx.a(native_window.o)
                0x000000000000f7a0                nwindowSetDimensions
 *fill*         0x000000000000f828        0x8 
 .text.nwindowConfigureBuffer
                0x000000000000f830      0x154 D:/devkitPro/libnx/lib\libnx.a(native_window.o)
                0x000000000000f830                nwindowConfigureBuffer
 *fill*         0x000000000000f984        0xc 
 .text.nwindowDequeueBuffer
                0x000000000000f990      0x1e4 D:/devkitPro/libnx/lib\libnx.a(native_window.o)
                0x000000000000f990                nwindowDequeueBuffer
 *fill*         0x000000000000fb74        0xc 
 .text.nwindowQueueBuffer
                0x000000000000fb80      0x144 D:/devkitPro/libnx/lib\libnx.a(native_window.o)
                0x000000000000fb80                nwindowQueueBuffer
 *fill*         0x000000000000fcc4        0xc 
 .text.nwindowReleaseBuffers
                0x000000000000fcd0       0xac D:/devkitPro/libnx/lib\libnx.a(native_window.o)
                0x000000000000fcd0                nwindowReleaseBuffers
 *fill*         0x000000000000fd7c        0x4 
 .text.nwindowGetDefault
                0x000000000000fd80        0xc D:/devkitPro/libnx/lib\libnx.a(default_window.o)
                0x000000000000fd80                nwindowGetDefault
 *fill*         0x000000000000fd8c        0x4 
 .text.__nx_win_init
                0x000000000000fd90       0xc8 D:/devkitPro/libnx/lib\libnx.a(default_window.o)
                0x000000000000fd90                __nx_win_init
 *fill*         0x000000000000fe58        0x8 
 .text.__nx_win_exit
                0x000000000000fe60       0x34 D:/devkitPro/libnx/lib\libnx.a(default_window.o)
                0x000000000000fe60                __nx_win_exit
 *fill*         0x000000000000fe94        0xc 
 .text._binderTransactParcel
                0x000000000000fea0      0x138 D:/devkitPro/libnx/lib\libnx.a(binder.o)
 *fill*         0x000000000000ffd8        0x8 
 .text.ipcQueryPointerBufferSize
                0x000000000000ffe0       0xc8 D:/devkitPro/libnx/lib\libnx.a(binder.o)
 *fill*         0x00000000000100a8        0x8 
 .text._binderTransactParcelAuto
                0x00000000000100b0      0x248 D:/devkitPro/libnx/lib\libnx.a(binder.o)
 *fill*         0x00000000000102f8        0x8 
 .text.binderCreate
                0x0000000000010300       0x14 D:/devkitPro/libnx/lib\libnx.a(binder.o)
                0x0000000000010300                binderCreate
 *fill*         0x0000000000010314        0xc 
 .text.binderTransactParcel
                0x0000000000010320       0x10 D:/devkitPro/libnx/lib\libnx.a(binder.o)
                0x0000000000010320                binderTransactParcel
 .text.binderConvertErrorCode
                0x0000000000010330      0x124 D:/devkitPro/libnx/lib\libnx.a(binder.o)
                0x0000000000010330                binderConvertErrorCode
 *fill*         0x0000000000010454        0xc 
 .text.binderAdjustRefcount
                0x0000000000010460       0xe8 D:/devkitPro/libnx/lib\libnx.a(binder.o)
                0x0000000000010460                binderAdjustRefcount
 *fill*         0x0000000000010548        0x8 
 .text.binderClose
                0x0000000000010550       0x74 D:/devkitPro/libnx/lib\libnx.a(binder.o)
                0x0000000000010550                binderClose
 *fill*         0x00000000000105c4        0xc 
 .text.binderInitSession
                0x00000000000105d0       0xc8 D:/devkitPro/libnx/lib\libnx.a(binder.o)
                0x00000000000105d0                binderInitSession
 *fill*         0x0000000000010698        0x8 
 .text.binderGetNativeHandle
                0x00000000000106a0      0x144 D:/devkitPro/libnx/lib\libnx.a(binder.o)
                0x00000000000106a0                binderGetNativeHandle
 *fill*         0x00000000000107e4        0xc 
 .text.bqRequestBuffer
                0x00000000000107f0       0xe8 D:/devkitPro/libnx/lib\libnx.a(buffer_producer.o)
                0x00000000000107f0                bqRequestBuffer
 *fill*         0x00000000000108d8        0x8 
 .text.bqDequeueBuffer
                0x00000000000108e0      0x154 D:/devkitPro/libnx/lib\libnx.a(buffer_producer.o)
                0x00000000000108e0                bqDequeueBuffer
 *fill*         0x0000000000010a34        0xc 
 .text.bqDetachBuffer
                0x0000000000010a40       0x9c D:/devkitPro/libnx/lib\libnx.a(buffer_producer.o)
                0x0000000000010a40                bqDetachBuffer
 *fill*         0x0000000000010adc        0x4 
 .text.bqQueueBuffer
                0x0000000000010ae0       0xe0 D:/devkitPro/libnx/lib\libnx.a(buffer_producer.o)
                0x0000000000010ae0                bqQueueBuffer
 .text.bqCancelBuffer
                0x0000000000010bc0       0x90 D:/devkitPro/libnx/lib\libnx.a(buffer_producer.o)
                0x0000000000010bc0                bqCancelBuffer
 .text.bqConnect
                0x0000000000010c50       0xe4 D:/devkitPro/libnx/lib\libnx.a(buffer_producer.o)
                0x0000000000010c50                bqConnect
 *fill*         0x0000000000010d34        0xc 
 .text.bqDisconnect
                0x0000000000010d40       0x9c D:/devkitPro/libnx/lib\libnx.a(buffer_producer.o)
                0x0000000000010d40                bqDisconnect
 *fill*         0x0000000000010ddc        0x4 
 .text.bqSetPreallocatedBuffer
                0x0000000000010de0      0x178 D:/devkitPro/libnx/lib\libnx.a(buffer_producer.o)
                0x0000000000010de0                bqSetPreallocatedBuffer
 *fill*         0x0000000000010f58        0x8 
 .text.framebufferMakeLinear
                0x0000000000010f60       0x80 D:/devkitPro/libnx/lib\libnx.a(framebuffer.o)
                0x0000000000010f60                framebufferMakeLinear
 .text.framebufferClose
                0x0000000000010fe0       0x78 D:/devkitPro/libnx/lib\libnx.a(framebuffer.o)
                0x0000000000010fe0                framebufferClose
 *fill*         0x0000000000011058        0x8 
 .text.framebufferCreate
                0x0000000000011060      0x298 D:/devkitPro/libnx/lib\libnx.a(framebuffer.o)
                0x0000000000011060                framebufferCreate
 *fill*         0x00000000000112f8        0x8 
 .text.framebufferBegin
                0x0000000000011300       0x80 D:/devkitPro/libnx/lib\libnx.a(framebuffer.o)
                0x0000000000011300                framebufferBegin
 .text.framebufferEnd
                0x0000000000011380      0x17c D:/devkitPro/libnx/lib\libnx.a(framebuffer.o)
                0x0000000000011380                framebufferEnd
 *fill*         0x00000000000114fc        0x4 
 .text.__syscall_exit
                0x0000000000011500       0x1c D:/devkitPro/libnx/lib\libnx.a(newlib.o)
                0x0000000000011500                __syscall_exit
 *fill*         0x000000000001151c        0x4 
 .text.__syscall_getreent
                0x0000000000011520       0x34 D:/devkitPro/libnx/lib\libnx.a(newlib.o)
                0x0000000000011520                __syscall_getreent
 *fill*         0x0000000000011554        0xc 
 .text.__syscall_lock_acquire
                0x0000000000011560        0x4 D:/devkitPro/libnx/lib\libnx.a(newlib.o)
                0x0000000000011560                __syscall_lock_acquire
 *fill*         0x0000000000011564        0xc 
 .text.__syscall_lock_release
                0x0000000000011570        0x4 D:/devkitPro/libnx/lib\libnx.a(newlib.o)
                0x0000000000011570                __syscall_lock_release
 *fill*         0x0000000000011574        0xc 
 .text.__syscall_lock_acquire_recursive
                0x0000000000011580        0x4 D:/devkitPro/libnx/lib\libnx.a(newlib.o)
                0x0000000000011580                __syscall_lock_acquire_recursive
 *fill*         0x0000000000011584        0xc 
 .text.__syscall_lock_release_recursive
                0x0000000000011590        0x4 D:/devkitPro/libnx/lib\libnx.a(newlib.o)
                0x0000000000011590                __syscall_lock_release_recursive
 *fill*         0x0000000000011594        0xc 
 .text.__syscall_cond_broadcast
                0x00000000000115a0       0x40 D:/devkitPro/libnx/lib\libnx.a(newlib.o)
                0x00000000000115a0                __syscall_cond_broadcast
 .text.__syscall_cond_wait
                0x00000000000115e0       0x3c D:/devkitPro/libnx/lib\libnx.a(newlib.o)
                0x00000000000115e0                __syscall_cond_wait
 *fill*         0x000000000001161c        0x4 
 .text.__syscall_tls_create
                0x0000000000011620       0x44 D:/devkitPro/libnx/lib\libnx.a(newlib.o)
                0x0000000000011620                __syscall_tls_create
 *fill*         0x0000000000011664        0xc 
 .text.__syscall_tls_set
                0x0000000000011670       0x18 D:/devkitPro/libnx/lib\libnx.a(newlib.o)
                0x0000000000011670                __syscall_tls_set
 *fill*         0x0000000000011688        0x8 
 .text.__syscall_tls_get
                0x0000000000011690        0x4 D:/devkitPro/libnx/lib\libnx.a(newlib.o)
                0x0000000000011690                __syscall_tls_get
 *fill*         0x0000000000011694        0xc 
 .text.__syscall_tls_delete
                0x00000000000116a0       0x18 D:/devkitPro/libnx/lib\libnx.a(newlib.o)
                0x00000000000116a0                __syscall_tls_delete
 *fill*         0x00000000000116b8        0x8 
 .text.__libnx_init_time
                0x00000000000116c0      0x27c D:/devkitPro/libnx/lib\libnx.a(newlib.o)
                0x00000000000116c0                __libnx_init_time
 *fill*         0x000000000001193c        0x4 
 .text.newlibSetup
                0x0000000000011940       0x80 D:/devkitPro/libnx/lib\libnx.a(newlib.o)
                0x0000000000011940                newlibSetup
 .text.armDCacheFlush
                0x00000000000119c0       0x3c D:/devkitPro/libnx/lib\libnx.a(cache.o)
                0x00000000000119c0                armDCacheFlush
 *fill*         0x00000000000119fc        0x4 
 .text.threadTlsGet
                0x0000000000011a00       0x10 D:/devkitPro/libnx/lib\libnx.a(thread.o)
                0x0000000000011a00                threadTlsGet
 .text.threadTlsSet
                0x0000000000011a10       0x10 D:/devkitPro/libnx/lib\libnx.a(thread.o)
                0x0000000000011a10                threadTlsSet
 .text.threadTlsAlloc
                0x0000000000011a20       0xd8 D:/devkitPro/libnx/lib\libnx.a(thread.o)
                0x0000000000011a20                threadTlsAlloc
 *fill*         0x0000000000011af8        0x8 
 .text.threadTlsFree
                0x0000000000011b00       0x48 D:/devkitPro/libnx/lib\libnx.a(thread.o)
                0x0000000000011b00                threadTlsFree
 *fill*         0x0000000000011b48        0x8 
 .text.ipcCloseObjectById
                0x0000000000011b50       0x34 D:/devkitPro/libnx/lib\libnx.a(vi.o)
 *fill*         0x0000000000011b84        0xc 
 .text._viGetSession.constprop.7
                0x0000000000011b90      0x134 D:/devkitPro/libnx/lib\libnx.a(vi.o)
 *fill*         0x0000000000011cc4        0xc 
 .text.viExit   0x0000000000011cd0      0x1e4 D:/devkitPro/libnx/lib\libnx.a(vi.o)
                0x0000000000011cd0                viExit
 *fill*         0x0000000000011eb4        0xc 
 .text.viInitialize
                0x0000000000011ec0      0x2f8 D:/devkitPro/libnx/lib\libnx.a(vi.o)
                0x0000000000011ec0                viInitialize
 *fill*         0x00000000000121b8        0x8 
 .text.viGetSession_IHOSBinderDriverRelay
                0x00000000000121c0        0xc D:/devkitPro/libnx/lib\libnx.a(vi.o)
                0x00000000000121c0                viGetSession_IHOSBinderDriverRelay
 *fill*         0x00000000000121cc        0x4 
 .text.viOpenDisplay
                0x00000000000121d0      0x140 D:/devkitPro/libnx/lib\libnx.a(vi.o)
                0x00000000000121d0                viOpenDisplay
 .text.viCloseDisplay
                0x0000000000012310      0x104 D:/devkitPro/libnx/lib\libnx.a(vi.o)
                0x0000000000012310                viCloseDisplay
 *fill*         0x0000000000012414        0xc 
 .text.viCloseLayer
                0x0000000000012420      0x104 D:/devkitPro/libnx/lib\libnx.a(vi.o)
                0x0000000000012420                viCloseLayer
 *fill*         0x0000000000012524        0xc 
 .text.viCreateLayer
                0x0000000000012530      0x370 D:/devkitPro/libnx/lib\libnx.a(vi.o)
                0x0000000000012530                viCreateLayer
 .text.viSetLayerScalingMode
                0x00000000000128a0       0xe8 D:/devkitPro/libnx/lib\libnx.a(vi.o)
                0x00000000000128a0                viSetLayerScalingMode
 *fill*         0x0000000000012988        0x8 
 .text.ipcCloseObjectById
                0x0000000000012990       0x34 D:/devkitPro/libnx/lib\libnx.a(nv.o)
 *fill*         0x00000000000129c4        0xc 
 .text._nvSetClientPID
                0x00000000000129d0       0xd8 D:/devkitPro/libnx/lib\libnx.a(nv.o)
 *fill*         0x0000000000012aa8        0x8 
 .text.ipcQueryPointerBufferSize.constprop.10
                0x0000000000012ab0       0xc8 D:/devkitPro/libnx/lib\libnx.a(nv.o)
 *fill*         0x0000000000012b78        0x8 
 .text._nvInitialize.constprop.8
                0x0000000000012b80       0xf0 D:/devkitPro/libnx/lib\libnx.a(nv.o)
 .text.ipcCloneSession.constprop.9
                0x0000000000012c70      0x10c D:/devkitPro/libnx/lib\libnx.a(nv.o)
 *fill*         0x0000000000012d7c        0x4 
 .text.nvExit   0x0000000000012d80      0x100 D:/devkitPro/libnx/lib\libnx.a(nv.o)
                0x0000000000012d80                nvExit
 .text.nvInitialize
                0x0000000000012e80      0x184 D:/devkitPro/libnx/lib\libnx.a(nv.o)
                0x0000000000012e80                nvInitialize
 *fill*         0x0000000000013004        0xc 
 .text.nvConvertError
                0x0000000000013010      0x12c D:/devkitPro/libnx/lib\libnx.a(nv.o)
                0x0000000000013010                nvConvertError
 *fill*         0x000000000001313c        0x4 
 .text.nvOpen   0x0000000000013140      0x12c D:/devkitPro/libnx/lib\libnx.a(nv.o)
                0x0000000000013140                nvOpen
 *fill*         0x000000000001326c        0x4 
 .text.nvIoctl  0x0000000000013270      0x270 D:/devkitPro/libnx/lib\libnx.a(nv.o)
                0x0000000000013270                nvIoctl
 .text.nvClose  0x00000000000134e0       0xdc D:/devkitPro/libnx/lib\libnx.a(nv.o)
                0x00000000000134e0                nvClose
 *fill*         0x00000000000135bc        0x4 
 .text.nvQueryEvent
                0x00000000000135c0      0x15c D:/devkitPro/libnx/lib\libnx.a(nv.o)
                0x00000000000135c0                nvQueryEvent
 *fill*         0x000000000001371c        0x4 
 .text.nvMapInit
                0x0000000000013720       0x6c D:/devkitPro/libnx/lib\libnx.a(map.o)
                0x0000000000013720                nvMapInit
 *fill*         0x000000000001378c        0x4 
 .text.nvMapExit
                0x0000000000013790       0x68 D:/devkitPro/libnx/lib\libnx.a(map.o)
                0x0000000000013790                nvMapExit
 *fill*         0x00000000000137f8        0x8 
 .text.nvMapClose
                0x0000000000013800       0x84 D:/devkitPro/libnx/lib\libnx.a(map.o)
                0x0000000000013800                nvMapClose
 *fill*         0x0000000000013884        0xc 
 .text.nvMapCreate
                0x0000000000013890      0x150 D:/devkitPro/libnx/lib\libnx.a(map.o)
                0x0000000000013890                nvMapCreate
 .text._nvFenceEventWaitCommon
                0x00000000000139e0       0x60 D:/devkitPro/libnx/lib\libnx.a(fence.o)
 .text.nvFenceInit
                0x0000000000013a40       0x5c D:/devkitPro/libnx/lib\libnx.a(fence.o)
                0x0000000000013a40                nvFenceInit
 *fill*         0x0000000000013a9c        0x4 
 .text.nvFenceExit
                0x0000000000013aa0       0x98 D:/devkitPro/libnx/lib\libnx.a(fence.o)
                0x0000000000013aa0                nvFenceExit
 *fill*         0x0000000000013b38        0x8 
 .text.nvFenceWait
                0x0000000000013b40      0x1e4 D:/devkitPro/libnx/lib\libnx.a(fence.o)
                0x0000000000013b40                nvFenceWait
 *fill*         0x0000000000013d24        0xc 
 .text.nvMultiFenceWait
                0x0000000000013d30       0x7c D:/devkitPro/libnx/lib\libnx.a(fence.o)
                0x0000000000013d30                nvMultiFenceWait
 *fill*         0x0000000000013dac        0x4 
 .text.nvioctlNvmap_Create
                0x0000000000013db0       0x3c D:/devkitPro/libnx/lib\libnx.a(nvmap.o)
                0x0000000000013db0                nvioctlNvmap_Create
 *fill*         0x0000000000013dec        0x4 
 .text.nvioctlNvmap_Alloc
                0x0000000000013df0       0x30 D:/devkitPro/libnx/lib\libnx.a(nvmap.o)
                0x0000000000013df0                nvioctlNvmap_Alloc
 .text.nvioctlNvmap_Free
                0x0000000000013e20       0x30 D:/devkitPro/libnx/lib\libnx.a(nvmap.o)
                0x0000000000013e20                nvioctlNvmap_Free
 .text.nvioctlNvmap_GetId
                0x0000000000013e50       0x3c D:/devkitPro/libnx/lib\libnx.a(nvmap.o)
                0x0000000000013e50                nvioctlNvmap_GetId
 *fill*         0x0000000000013e8c        0x4 
 .text.nvioctlNvhostCtrl_EventSignal
                0x0000000000013e90       0x24 D:/devkitPro/libnx/lib\libnx.a(nvhost-ctrl.o)
                0x0000000000013e90                nvioctlNvhostCtrl_EventSignal
 *fill*         0x0000000000013eb4        0xc 
 .text.nvioctlNvhostCtrl_EventWait
                0x0000000000013ec0       0x3c D:/devkitPro/libnx/lib\libnx.a(nvhost-ctrl.o)
                0x0000000000013ec0                nvioctlNvhostCtrl_EventWait
 *fill*         0x0000000000013efc        0x4 
 .text.nvioctlNvhostCtrl_EventWaitAsync
                0x0000000000013f00       0x28 D:/devkitPro/libnx/lib\libnx.a(nvhost-ctrl.o)
                0x0000000000013f00                nvioctlNvhostCtrl_EventWaitAsync
 *fill*         0x0000000000013f28        0x8 
 .text.nvioctlNvhostCtrl_EventRegister
                0x0000000000013f30       0x24 D:/devkitPro/libnx/lib\libnx.a(nvhost-ctrl.o)
                0x0000000000013f30                nvioctlNvhostCtrl_EventRegister
 *fill*         0x0000000000013f54        0xc 
 .text.nvioctlNvhostCtrl_EventUnregister
                0x0000000000013f60       0x24 D:/devkitPro/libnx/lib\libnx.a(nvhost-ctrl.o)
                0x0000000000013f60                nvioctlNvhostCtrl_EventUnregister
 *fill*         0x0000000000013f84        0xc 
 .text.parcelCreate
                0x0000000000013f90       0x28 D:/devkitPro/libnx/lib\libnx.a(parcel.o)
                0x0000000000013f90                parcelCreate
 *fill*         0x0000000000013fb8        0x8 
 .text.parcelTransact
                0x0000000000013fc0      0x19c D:/devkitPro/libnx/lib\libnx.a(parcel.o)
                0x0000000000013fc0                parcelTransact
 *fill*         0x000000000001415c        0x4 
 .text.parcelWriteData
                0x0000000000014160       0x88 D:/devkitPro/libnx/lib\libnx.a(parcel.o)
                0x0000000000014160                parcelWriteData
 *fill*         0x00000000000141e8        0x8 
 .text.parcelReadData
                0x00000000000141f0       0x98 D:/devkitPro/libnx/lib\libnx.a(parcel.o)
                0x00000000000141f0                parcelReadData
 *fill*         0x0000000000014288        0x8 
 .text.parcelWriteInt32
                0x0000000000014290       0x20 D:/devkitPro/libnx/lib\libnx.a(parcel.o)
                0x0000000000014290                parcelWriteInt32
 .text.parcelWriteUInt32
                0x00000000000142b0       0x20 D:/devkitPro/libnx/lib\libnx.a(parcel.o)
                0x00000000000142b0                parcelWriteUInt32
 .text.parcelWriteString16
                0x00000000000142d0       0x80 D:/devkitPro/libnx/lib\libnx.a(parcel.o)
                0x00000000000142d0                parcelWriteString16
 .text.parcelWriteInterfaceToken
                0x0000000000014350       0x30 D:/devkitPro/libnx/lib\libnx.a(parcel.o)
                0x0000000000014350                parcelWriteInterfaceToken
 .text.parcelReadInt32
                0x0000000000014380       0x24 D:/devkitPro/libnx/lib\libnx.a(parcel.o)
                0x0000000000014380                parcelReadInt32
 *fill*         0x00000000000143a4        0xc 
 .text.parcelReadFlattenedObject
                0x00000000000143b0       0x68 D:/devkitPro/libnx/lib\libnx.a(parcel.o)
                0x00000000000143b0                parcelReadFlattenedObject
 *fill*         0x0000000000014418        0x8 
 .text.parcelWriteFlattenedObject
                0x0000000000014420       0x44 D:/devkitPro/libnx/lib\libnx.a(parcel.o)
                0x0000000000014420                parcelWriteFlattenedObject
 *fill*         0x0000000000014464        0x4 
 .text._Znam    0x0000000000014468        0x4 d:/devkitpro/devkita64/bin/../lib/gcc/aarch64-none-elf/8.3.0/../../../../aarch64-none-elf/lib/pic\libstdc++.a(new_opv.o)
                0x0000000000014468                operator new[](unsigned long)
 *fill*         0x000000000001446c        0x4 
 .text._Znwm    0x0000000000014470       0x68 d:/devkitpro/devkita64/bin/../lib/gcc/aarch64-none-elf/8.3.0/../../../../aarch64-none-elf/lib/pic\libstdc++.a(new_op.o)
                0x0000000000014470                operator new(unsigned long)
 .text._ZNKSt9bad_alloc4whatEv
                0x00000000000144d8        0xc d:/devkitpro/devkita64/bin/../lib/gcc/aarch64-none-elf/8.3.0/../../../../aarch64-none-elf/lib/pic\libstdc++.a(bad_alloc.o)
                0x00000000000144d8                std::bad_alloc::what() const
 *fill*         0x00000000000144e4        0x4 
 .text._ZNSt9bad_allocD2Ev
                0x00000000000144e8       0x14 d:/devkitpro/devkita64/bin/../lib/gcc/aarch64-none-elf/8.3.0/../../../../aarch64-none-elf/lib/pic\libstdc++.a(bad_alloc.o)
                0x00000000000144e8                std::bad_alloc::~bad_alloc()
                0x00000000000144e8                std::bad_alloc::~bad_alloc()
 *fill*         0x00000000000144fc        0x4 
 .text._ZNSt9bad_allocD0Ev
                0x0000000000014500       0x28 d:/devkitpro/devkita64/bin/../lib/gcc/aarch64-none-elf/8.3.0/../../../../aarch64-none-elf/lib/pic\libstdc++.a(bad_alloc.o)
                0x0000000000014500                std::bad_alloc::~bad_alloc()
 .text._ZSt15get_new_handlerv
                0x0000000000014528       0x10 d:/devkitpro/devkita64/bin/../lib/gcc/aarch64-none-elf/8.3.0/../../../../aarch64-none-elf/lib/pic\libstdc++.a(new_handler.o)
                0x0000000000014528                std::get_new_handler()
 .text._ZNSt9exceptionD2Ev
                0x0000000000014538        0x4 d:/devkitpro/devkita64/bin/../lib/gcc/aarch64-none-elf/8.3.0/../../../../aarch64-none-elf/lib/pic\libstdc++.a(eh_exception.o)
                0x0000000000014538                std::exception::~exception()
                0x0000000000014538                std::exception::~exception()
 *fill*         0x000000000001453c        0x4 
 .text._ZNSt13bad_exceptionD2Ev
                0x0000000000014540       0x14 d:/devkitpro/devkita64/bin/../lib/gcc/aarch64-none-elf/8.3.0/../../../../aarch64-none-elf/lib/pic\libstdc++.a(eh_exception.o)
                0x0000000000014540                std::bad_exception::~bad_exception()
                0x0000000000014540                std::bad_exception::~bad_exception()
 *fill*         0x0000000000014554        0x4 
 .text._ZNKSt13bad_exception4whatEv
                0x0000000000014558        0xc d:/devkitpro/devkita64/bin/../lib/gcc/aarch64-none-elf/8.3.0/../../../../aarch64-none-elf/lib/pic\libstdc++.a(eh_exception.o)
                0x0000000000014558                std::bad_exception::what() const
 *fill*         0x0000000000014564        0x4 
 .text._ZNSt13bad_exceptionD0Ev
                0x0000000000014568       0x28 d:/devkitpro/devkita64/bin/../lib/gcc/aarch64-none-elf/8.3.0/../../../../aarch64-none-elf/lib/pic\libstdc++.a(eh_exception.o)
                0x0000000000014568                std::bad_exception::~bad_exception()
 .text._ZdlPvm  0x0000000000014590        0x4 d:/devkitpro/devkita64/bin/../lib/gcc/aarch64-none-elf/8.3.0/../../../../aarch64-none-elf/lib/pic\libstdc++.a(del_ops.o)
                0x0000000000014590                operator delete(void*, unsigned long)
 *fill*         0x0000000000014594        0x4 
 .text._ZL23__gxx_exception_cleanup19_Unwind_Reason_CodeP17_Unwind_Exception
                0x0000000000014598       0x64 d:/devkitpro/devkita64/bin/../lib/gcc/aarch64-none-elf/8.3.0/../../../../aarch64-none-elf/lib/pic\libstdc++.a(eh_throw.o)
 *fill*         0x00000000000145fc        0x4 
 .text.__cxa_init_primary_exception
                0x0000000000014600       0x58 d:/devkitpro/devkita64/bin/../lib/gcc/aarch64-none-elf/8.3.0/../../../../aarch64-none-elf/lib/pic\libstdc++.a(eh_throw.o)
                0x0000000000014600                __cxa_init_primary_exception
 .text.__cxa_throw
                0x0000000000014658       0x54 d:/devkitpro/devkita64/bin/../lib/gcc/aarch64-none-elf/8.3.0/../../../../aarch64-none-elf/lib/pic\libstdc++.a(eh_throw.o)
                0x0000000000014658                __cxa_throw
 *fill*         0x00000000000146ac        0x4 
 .text.__cxa_rethrow
                0x00000000000146b0       0x70 d:/devkitpro/devkita64/bin/../lib/gcc/aarch64-none-elf/8.3.0/../../../../aarch64-none-elf/lib/pic\libstdc++.a(eh_throw.o)
                0x00000000000146b0                __cxa_rethrow
 .text.__cxa_begin_catch
                0x0000000000014720       0xa0 d:/devkitpro/devkita64/bin/../lib/gcc/aarch64-none-elf/8.3.0/../../../../aarch64-none-elf/lib/pic\libstdc++.a(eh_catch.o)
                0x0000000000014720                __cxa_begin_catch
 .text.__cxa_end_catch
                0x00000000000147c0       0x94 d:/devkitpro/devkita64/bin/../lib/gcc/aarch64-none-elf/8.3.0/../../../../aarch64-none-elf/lib/pic\libstdc++.a(eh_catch.o)
                0x00000000000147c0                __cxa_end_catch
 *fill*         0x0000000000014854        0x4 
 .text._ZNK9__gnu_cxx24__concurrence_lock_error4whatEv
                0x0000000000014858        0xc d:/devkitpro/devkita64/bin/../lib/gcc/aarch64-none-elf/8.3.0/../../../../aarch64-none-elf/lib/pic\libstdc++.a(eh_alloc.o)
                0x0000000000014858                __gnu_cxx::__concurrence_lock_error::what() const
 *fill*         0x0000000000014864        0x4 
 .text._ZNK9__gnu_cxx26__concurrence_unlock_error4whatEv
                0x0000000000014868        0xc d:/devkitpro/devkita64/bin/../lib/gcc/aarch64-none-elf/8.3.0/../../../../aarch64-none-elf/lib/pic\libstdc++.a(eh_alloc.o)
                0x0000000000014868                __gnu_cxx::__concurrence_unlock_error::what() const
 *fill*         0x0000000000014874        0x4 
 .text._ZN9__gnu_cxx24__concurrence_lock_errorD2Ev
                0x0000000000014878       0x14 d:/devkitpro/devkita64/bin/../lib/gcc/aarch64-none-elf/8.3.0/../../../../aarch64-none-elf/lib/pic\libstdc++.a(eh_alloc.o)
                0x0000000000014878                __gnu_cxx::__concurrence_lock_error::~__concurrence_lock_error()
                0x0000000000014878                __gnu_cxx::__concurrence_lock_error::~__concurrence_lock_error()
 *fill*         0x000000000001488c        0x4 
 .text._ZN9__gnu_cxx26__concurrence_unlock_errorD2Ev
                0x0000000000014890       0x14 d:/devkitpro/devkita64/bin/../lib/gcc/aarch64-none-elf/8.3.0/../../../../aarch64-none-elf/lib/pic\libstdc++.a(eh_alloc.o)
                0x0000000000014890                __gnu_cxx::__concurrence_unlock_error::~__concurrence_unlock_error()
                0x0000000000014890                __gnu_cxx::__concurrence_unlock_error::~__concurrence_unlock_error()
 *fill*         0x00000000000148a4        0x4 
 .text._ZN9__gnu_cxx24__concurrence_lock_errorD0Ev
                0x00000000000148a8       0x38 d:/devkitpro/devkita64/bin/../lib/gcc/aarch64-none-elf/8.3.0/../../../../aarch64-none-elf/lib/pic\libstdc++.a(eh_alloc.o)
                0x00000000000148a8                __gnu_cxx::__concurrence_lock_error::~__concurrence_lock_error()
 .text._ZN9__gnu_cxx26__concurrence_unlock_errorD0Ev
                0x00000000000148e0       0x38 d:/devkitpro/devkita64/bin/../lib/gcc/aarch64-none-elf/8.3.0/../../../../aarch64-none-elf/lib/pic\libstdc++.a(eh_alloc.o)
                0x00000000000148e0                __gnu_cxx::__concurrence_unlock_error::~__concurrence_unlock_error()
 .text._ZN9__gnu_cxx30__throw_concurrence_lock_errorEv
                0x0000000000014918       0x34 d:/devkitpro/devkita64/bin/../lib/gcc/aarch64-none-elf/8.3.0/../../../../aarch64-none-elf/lib/pic\libstdc++.a(eh_alloc.o)
                0x0000000000014918                __gnu_cxx::__throw_concurrence_lock_error()
 *fill*         0x000000000001494c        0x4 
 .text._ZN12_GLOBAL__N_14pool4freeEPv.constprop.2
                0x0000000000014950      0x160 d:/devkitpro/devkita64/bin/../lib/gcc/aarch64-none-elf/8.3.0/../../../../aarch64-none-elf/lib/pic\libstdc++.a(eh_alloc.o)
 .text._ZN12_GLOBAL__N_14pool8allocateEm.constprop.3
                0x0000000000014ab0      0x128 d:/devkitpro/devkita64/bin/../lib/gcc/aarch64-none-elf/8.3.0/../../../../aarch64-none-elf/lib/pic\libstdc++.a(eh_alloc.o)
 .text.__cxa_allocate_exception
                0x0000000000014bd8       0x64 d:/devkitpro/devkita64/bin/../lib/gcc/aarch64-none-elf/8.3.0/../../../../aarch64-none-elf/lib/pic\libstdc++.a(eh_alloc.o)
                0x0000000000014bd8                __cxa_allocate_exception
 *fill*         0x0000000000014c3c        0x4 
 .text.__cxa_free_exception
                0x0000000000014c40       0x30 d:/devkitpro/devkita64/bin/../lib/gcc/aarch64-none-elf/8.3.0/../../../../aarch64-none-elf/lib/pic\libstdc++.a(eh_alloc.o)
                0x0000000000014c40                __cxa_free_exception
 .text._ZdlPv   0x0000000000014c70        0x4 d:/devkitpro/devkita64/bin/../lib/gcc/aarch64-none-elf/8.3.0/../../../../aarch64-none-elf/lib/pic\libstdc++.a(del_op.o)
                0x0000000000014c70                operator delete(void*)
 *fill*         0x0000000000014c74        0x4 
 .text._ZN10__cxxabiv120__si_class_type_infoD2Ev
                0x0000000000014c78       0x14 d:/devkitpro/devkita64/bin/../lib/gcc/aarch64-none-elf/8.3.0/../../../../aarch64-none-elf/lib/pic\libstdc++.a(si_class_type_info.o)
                0x0000000000014c78                __cxxabiv1::__si_class_type_info::~__si_class_type_info()
                0x0000000000014c78                __cxxabiv1::__si_class_type_info::~__si_class_type_info()
 *fill*         0x0000000000014c8c        0x4 
 .text._ZN10__cxxabiv120__si_class_type_infoD0Ev
                0x0000000000014c90       0x28 d:/devkitpro/devkita64/bin/../lib/gcc/aarch64-none-elf/8.3.0/../../../../aarch64-none-elf/lib/pic\libstdc++.a(si_class_type_info.o)
                0x0000000000014c90                __cxxabiv1::__si_class_type_info::~__si_class_type_info()
 .text._ZNK10__cxxabiv120__si_class_type_info20__do_find_public_srcElPKvPKNS_17__class_type_infoES2_
                0x0000000000014cb8       0x80 d:/devkitpro/devkita64/bin/../lib/gcc/aarch64-none-elf/8.3.0/../../../../aarch64-none-elf/lib/pic\libstdc++.a(si_class_type_info.o)
                0x0000000000014cb8                __cxxabiv1::__si_class_type_info::__do_find_public_src(long, void const*, __cxxabiv1::__class_type_info const*, void const*) const
 .text._ZNK10__cxxabiv120__si_class_type_info12__do_dyncastElNS_17__class_type_info10__sub_kindEPKS1_PKvS4_S6_RNS1_16__dyncast_resultE
                0x0000000000014d38      0x13c d:/devkitpro/devkita64/bin/../lib/gcc/aarch64-none-elf/8.3.0/../../../../aarch64-none-elf/lib/pic\libstdc++.a(si_class_type_info.o)
                0x0000000000014d38                __cxxabiv1::__si_class_type_info::__do_dyncast(long, __cxxabiv1::__class_type_info::__sub_kind, __cxxabiv1::__class_type_info const*, void const*, __cxxabiv1::__class_type_info const*, void const*, __cxxabiv1::__class_type_info::__dyncast_result&) const
 *fill*         0x0000000000014e74        0x4 
 .text._ZNK10__cxxabiv120__si_class_type_info11__do_upcastEPKNS_17__class_type_infoEPKvRNS1_15__upcast_resultE
                0x0000000000014e78       0x68 d:/devkitpro/devkita64/bin/../lib/gcc/aarch64-none-elf/8.3.0/../../../../aarch64-none-elf/lib/pic\libstdc++.a(si_class_type_info.o)
                0x0000000000014e78                __cxxabiv1::__si_class_type_info::__do_upcast(__cxxabiv1::__class_type_info const*, void const*, __cxxabiv1::__class_type_info::__upcast_result&) const
 .text._ZN17__eh_globals_initD2Ev
                0x0000000000014ee0       0x14 d:/devkitpro/devkita64/bin/../lib/gcc/aarch64-none-elf/8.3.0/../../../../aarch64-none-elf/lib/pic\libstdc++.a(eh_globals.o)
                0x0000000000014ee0                __eh_globals_init::~__eh_globals_init()
                0x0000000000014ee0                __eh_globals_init::~__eh_globals_init()
 *fill*         0x0000000000014ef4        0x4 
 .text._ZL15eh_globals_dtorPv
                0x0000000000014ef8       0x48 d:/devkitpro/devkita64/bin/../lib/gcc/aarch64-none-elf/8.3.0/../../../../aarch64-none-elf/lib/pic\libstdc++.a(eh_globals.o)
 .text.__cxa_get_globals_fast
                0x0000000000014f40       0x24 d:/devkitpro/devkita64/bin/../lib/gcc/aarch64-none-elf/8.3.0/../../../../aarch64-none-elf/lib/pic\libstdc++.a(eh_globals.o)
                0x0000000000014f40                __cxa_get_globals_fast
 *fill*         0x0000000000014f64        0x4 
 .text.__cxa_get_globals
                0x0000000000014f68       0x74 d:/devkitpro/devkita64/bin/../lib/gcc/aarch64-none-elf/8.3.0/../../../../aarch64-none-elf/lib/pic\libstdc++.a(eh_globals.o)
                0x0000000000014f68                __cxa_get_globals
 *fill*         0x0000000000014fdc        0x4 
 .text._ZN10__cxxabiv111__terminateEPFvvE
                0x0000000000014fe0       0x3c d:/devkitpro/devkita64/bin/../lib/gcc/aarch64-none-elf/8.3.0/../../../../aarch64-none-elf/lib/pic\libstdc++.a(eh_terminate.o)
                0x0000000000014fe0                __cxxabiv1::__terminate(void (*)())
 *fill*         0x000000000001501c        0x4 
 .text._ZSt13get_terminatev
                0x0000000000015020       0x10 d:/devkitpro/devkita64/bin/../lib/gcc/aarch64-none-elf/8.3.0/../../../../aarch64-none-elf/lib/pic\libstdc++.a(eh_terminate.o)
                0x0000000000015020                std::get_terminate()
 .text._ZSt9terminatev
                0x0000000000015030       0x10 d:/devkitpro/devkita64/bin/../lib/gcc/aarch64-none-elf/8.3.0/../../../../aarch64-none-elf/lib/pic\libstdc++.a(eh_terminate.o)
                0x0000000000015030                std::terminate()
 .text._ZN10__cxxabiv112__unexpectedEPFvvE
                0x0000000000015040       0x10 d:/devkitpro/devkita64/bin/../lib/gcc/aarch64-none-elf/8.3.0/../../../../aarch64-none-elf/lib/pic\libstdc++.a(eh_terminate.o)
                0x0000000000015040                __cxxabiv1::__unexpected(void (*)())
 .text._ZSt14get_unexpectedv
                0x0000000000015050       0x10 d:/devkitpro/devkita64/bin/../lib/gcc/aarch64-none-elf/8.3.0/../../../../aarch64-none-elf/lib/pic\libstdc++.a(eh_terminate.o)
                0x0000000000015050                std::get_unexpected()
 .text._ZSt10unexpectedv
                0x0000000000015060       0x10 d:/devkitpro/devkita64/bin/../lib/gcc/aarch64-none-elf/8.3.0/../../../../aarch64-none-elf/lib/pic\libstdc++.a(eh_terminate.o)
                0x0000000000015060                std::unexpected()
 .text._ZNSt9type_infoD2Ev
                0x0000000000015070        0x4 d:/devkitpro/devkita64/bin/../lib/gcc/aarch64-none-elf/8.3.0/../../../../aarch64-none-elf/lib/pic\libstdc++.a(tinfo.o)
                0x0000000000015070                std::type_info::~type_info()
                0x0000000000015070                std::type_info::~type_info()
 *fill*         0x0000000000015074        0x4 
 .text._ZNKSt9type_info14__is_pointer_pEv
                0x0000000000015078        0x8 d:/devkitpro/devkita64/bin/../lib/gcc/aarch64-none-elf/8.3.0/../../../../aarch64-none-elf/lib/pic\libstdc++.a(tinfo.o)
                0x0000000000015078                std::type_info::__is_pointer_p() const
                0x0000000000015078                std::type_info::__is_function_p() const
 .text._ZL16get_adjusted_ptrPKSt9type_infoS1_PPv
                0x0000000000015080       0x84 d:/devkitpro/devkita64/bin/../lib/gcc/aarch64-none-elf/8.3.0/../../../../aarch64-none-elf/lib/pic\libstdc++.a(eh_personality.o)
 *fill*         0x0000000000015104        0x4 
 .text._ZL28read_encoded_value_with_basehmPKhPm
                0x0000000000015108      0x15c d:/devkitpro/devkita64/bin/../lib/gcc/aarch64-none-elf/8.3.0/../../../../aarch64-none-elf/lib/pic\libstdc++.a(eh_personality.o)
 *fill*         0x0000000000015264        0x4 
 .text._ZL15get_ttype_entryP16lsda_header_infom
                0x0000000000015268       0xc0 d:/devkitpro/devkita64/bin/../lib/gcc/aarch64-none-elf/8.3.0/../../../../aarch64-none-elf/lib/pic\libstdc++.a(eh_personality.o)
 .text._ZL20check_exception_specP16lsda_header_infoPKSt9type_infoPvl
                0x0000000000015328       0x94 d:/devkitpro/devkita64/bin/../lib/gcc/aarch64-none-elf/8.3.0/../../../../aarch64-none-elf/lib/pic\libstdc++.a(eh_personality.o)
 *fill*         0x00000000000153bc        0x4 
 .text._ZL21base_of_encoded_valuehP15_Unwind_Context
                0x00000000000153c0       0x6c d:/devkitpro/devkita64/bin/../lib/gcc/aarch64-none-elf/8.3.0/../../../../aarch64-none-elf/lib/pic\libstdc++.a(eh_personality.o)
 *fill*         0x000000000001542c        0x4 
 .text._ZL17parse_lsda_headerP15_Unwind_ContextPKhP16lsda_header_info
                0x0000000000015430      0x108 d:/devkitpro/devkita64/bin/../lib/gcc/aarch64-none-elf/8.3.0/../../../../aarch64-none-elf/lib/pic\libstdc++.a(eh_personality.o)
 .text.__gxx_personality_v0
                0x0000000000015538      0x4dc d:/devkitpro/devkita64/bin/../lib/gcc/aarch64-none-elf/8.3.0/../../../../aarch64-none-elf/lib/pic\libstdc++.a(eh_personality.o)
                0x0000000000015538                __gxx_personality_v0
 *fill*         0x0000000000015a14        0x4 
 .text.__cxa_call_unexpected
                0x0000000000015a18       0xf0 d:/devkitpro/devkita64/bin/../lib/gcc/aarch64-none-elf/8.3.0/../../../../aarch64-none-elf/lib/pic\libstdc++.a(eh_personality.o)
                0x0000000000015a18                __cxa_call_unexpected
 .text._ZNK10__cxxabiv117__class_type_info11__do_upcastEPKS0_PPv
                0x0000000000015b08       0x6c d:/devkitpro/devkita64/bin/../lib/gcc/aarch64-none-elf/8.3.0/../../../../aarch64-none-elf/lib/pic\libstdc++.a(class_type_info.o)
                0x0000000000015b08                __cxxabiv1::__class_type_info::__do_upcast(__cxxabiv1::__class_type_info const*, void**) const
 *fill*         0x0000000000015b74        0x4 
 .text._ZNK10__cxxabiv117__class_type_info20__do_find_public_srcElPKvPKS0_S2_
                0x0000000000015b78       0x10 d:/devkitpro/devkita64/bin/../lib/gcc/aarch64-none-elf/8.3.0/../../../../aarch64-none-elf/lib/pic\libstdc++.a(class_type_info.o)
                0x0000000000015b78                __cxxabiv1::__class_type_info::__do_find_public_src(long, void const*, __cxxabiv1::__class_type_info const*, void const*) const
 .text._ZN10__cxxabiv117__class_type_infoD2Ev
                0x0000000000015b88       0x14 d:/devkitpro/devkita64/bin/../lib/gcc/aarch64-none-elf/8.3.0/../../../../aarch64-none-elf/lib/pic\libstdc++.a(class_type_info.o)
                0x0000000000015b88                __cxxabiv1::__class_type_info::~__class_type_info()
                0x0000000000015b88                __cxxabiv1::__class_type_info::~__class_type_info()
 *fill*         0x0000000000015b9c        0x4 
 .text._ZN10__cxxabiv117__class_type_infoD0Ev
                0x0000000000015ba0       0x28 d:/devkitpro/devkita64/bin/../lib/gcc/aarch64-none-elf/8.3.0/../../../../aarch64-none-elf/lib/pic\libstdc++.a(class_type_info.o)
                0x0000000000015ba0                __cxxabiv1::__class_type_info::~__class_type_info()
 .text._ZNK10__cxxabiv117__class_type_info12__do_dyncastElNS0_10__sub_kindEPKS0_PKvS3_S5_RNS0_16__dyncast_resultE
                0x0000000000015bc8       0xd4 d:/devkitpro/devkita64/bin/../lib/gcc/aarch64-none-elf/8.3.0/../../../../aarch64-none-elf/lib/pic\libstdc++.a(class_type_info.o)
                0x0000000000015bc8                __cxxabiv1::__class_type_info::__do_dyncast(long, __cxxabiv1::__class_type_info::__sub_kind, __cxxabiv1::__class_type_info const*, void const*, __cxxabiv1::__class_type_info const*, void const*, __cxxabiv1::__class_type_info::__dyncast_result&) const
 *fill*         0x0000000000015c9c        0x4 
 .text._ZNK10__cxxabiv117__class_type_info11__do_upcastEPKS0_PKvRNS0_15__upcast_resultE
                0x0000000000015ca0       0x68 d:/devkitpro/devkita64/bin/../lib/gcc/aarch64-none-elf/8.3.0/../../../../aarch64-none-elf/lib/pic\libstdc++.a(class_type_info.o)
                0x0000000000015ca0                __cxxabiv1::__class_type_info::__do_upcast(__cxxabiv1::__class_type_info const*, void const*, __cxxabiv1::__class_type_info::__upcast_result&) const
 .text._ZNK10__cxxabiv117__class_type_info10__do_catchEPKSt9type_infoPPvj
                0x0000000000015d08       0xa8 d:/devkitpro/devkita64/bin/../lib/gcc/aarch64-none-elf/8.3.0/../../../../aarch64-none-elf/lib/pic\libstdc++.a(class_type_info.o)
                0x0000000000015d08                __cxxabiv1::__class_type_info::__do_catch(std::type_info const*, void**, unsigned int) const
 .text.__cxa_call_terminate
                0x0000000000015db0       0x44 d:/devkitpro/devkita64/bin/../lib/gcc/aarch64-none-elf/8.3.0/../../../../aarch64-none-elf/lib/pic\libstdc++.a(eh_call.o)
                0x0000000000015db0                __cxa_call_terminate
 *fill*         0x0000000000015df4        0x4 
 .text.read_encoded_value_with_base
                0x0000000000015df8      0x15c d:/devkitpro/devkita64/bin/../lib/gcc/aarch64-none-elf/8.3.0/pic\libgcc.a(unwind-dw2.o)
 *fill*         0x0000000000015f54        0x4 
 .text.base_of_encoded_value
                0x0000000000015f58       0x70 d:/devkitpro/devkita64/bin/../lib/gcc/aarch64-none-elf/8.3.0/pic\libgcc.a(unwind-dw2.o)
 .text.execute_cfa_program
                0x0000000000015fc8      0x80c d:/devkitpro/devkita64/bin/../lib/gcc/aarch64-none-elf/8.3.0/pic\libgcc.a(unwind-dw2.o)
 *fill*         0x00000000000167d4        0x4 
 .text.uw_frame_state_for
                0x00000000000167d8      0x40c d:/devkitpro/devkita64/bin/../lib/gcc/aarch64-none-elf/8.3.0/pic\libgcc.a(unwind-dw2.o)
 *fill*         0x0000000000016be4        0x4 
 .text.init_dwarf_reg_size_table
                0x0000000000016be8      0x158 d:/devkitpro/devkita64/bin/../lib/gcc/aarch64-none-elf/8.3.0/pic\libgcc.a(unwind-dw2.o)
 .text.execute_stack_op
                0x0000000000016d40      0x720 d:/devkitpro/devkita64/bin/../lib/gcc/aarch64-none-elf/8.3.0/pic\libgcc.a(unwind-dw2.o)
 .text.uw_update_context_1
                0x0000000000017460      0x37c d:/devkitpro/devkita64/bin/../lib/gcc/aarch64-none-elf/8.3.0/pic\libgcc.a(unwind-dw2.o)
 *fill*         0x00000000000177dc        0x4 
 .text.uw_init_context_1
                0x00000000000177e0      0x244 d:/devkitpro/devkita64/bin/../lib/gcc/aarch64-none-elf/8.3.0/pic\libgcc.a(unwind-dw2.o)
 *fill*         0x0000000000017a24        0x4 
 .text.uw_update_context
                0x0000000000017a28       0xb4 d:/devkitpro/devkita64/bin/../lib/gcc/aarch64-none-elf/8.3.0/pic\libgcc.a(unwind-dw2.o)
 *fill*         0x0000000000017adc        0x4 
 .text._Unwind_RaiseException_Phase2